
===========================================================================
report_checks -path_delay max (Setup)
============================================================================
Startpoint: wbs_adr_i[12] (input port clocked by wb_clk_i)
Endpoint: wbs_dat_o[6] (output port clocked by wb_clk_i)
Path Group: wb_clk_i
Path Type: max

Fanout     Cap    Slew   Delay    Time   Description
-----------------------------------------------------------------------------
                          0.00    0.00   clock wb_clk_i (rise edge)
                          0.00    0.00   clock network delay (propagated)
                          3.20    3.20 v input external delay
                  0.01    0.01    3.21 v wbs_adr_i[12] (in)
     1    0.00                           wbs_adr_i[12] (net)
                  0.01    0.00    3.21 v input8/A (sky130_fd_sc_hd__clkbuf_4)
                  0.03    0.13    3.34 v input8/X (sky130_fd_sc_hd__clkbuf_4)
     1    0.01                           net8 (net)
                  0.03    0.00    3.34 v repeater734/A (sky130_fd_sc_hd__clkdlybuf4s15_2)
                  0.07    0.24    3.58 v repeater734/X (sky130_fd_sc_hd__clkdlybuf4s15_2)
     1    0.02                           net734 (net)
                  0.07    0.00    3.58 v repeater733/A (sky130_fd_sc_hd__clkbuf_4)
                  0.05    0.18    3.76 v repeater733/X (sky130_fd_sc_hd__clkbuf_4)
     1    0.02                           net733 (net)
                  0.05    0.00    3.76 v repeater732/A (sky130_fd_sc_hd__buf_4)
                  0.04    0.16    3.93 v repeater732/X (sky130_fd_sc_hd__buf_4)
     1    0.02                           net732 (net)
                  0.04    0.00    3.93 v repeater731/A (sky130_fd_sc_hd__buf_6)
                  0.03    0.13    4.06 v repeater731/X (sky130_fd_sc_hd__buf_6)
     1    0.02                           net731 (net)
                  0.03    0.00    4.06 v repeater730/A (sky130_fd_sc_hd__buf_6)
                  0.03    0.12    4.19 v repeater730/X (sky130_fd_sc_hd__buf_6)
     1    0.02                           net730 (net)
                  0.03    0.00    4.19 v repeater729/A (sky130_fd_sc_hd__buf_4)
                  0.04    0.15    4.34 v repeater729/X (sky130_fd_sc_hd__buf_4)
     1    0.02                           net729 (net)
                  0.04    0.00    4.34 v repeater728/A (sky130_fd_sc_hd__buf_4)
                  0.04    0.16    4.50 v repeater728/X (sky130_fd_sc_hd__buf_4)
     1    0.02                           net728 (net)
                  0.04    0.00    4.50 v repeater727/A (sky130_fd_sc_hd__buf_4)
                  0.04    0.16    4.66 v repeater727/X (sky130_fd_sc_hd__buf_4)
     1    0.02                           net727 (net)
                  0.04    0.00    4.66 v repeater726/A (sky130_fd_sc_hd__buf_4)
                  0.04    0.15    4.81 v repeater726/X (sky130_fd_sc_hd__buf_4)
     1    0.01                           net726 (net)
                  0.04    0.00    4.81 v repeater725/A (sky130_fd_sc_hd__buf_4)
                  0.03    0.14    4.94 v repeater725/X (sky130_fd_sc_hd__buf_4)
     1    0.01                           net725 (net)
                  0.03    0.00    4.94 v repeater724/A (sky130_fd_sc_hd__buf_4)
                  0.13    0.21    5.15 v repeater724/X (sky130_fd_sc_hd__buf_4)
     1    0.10                           net724 (net)
                  0.16    0.05    5.20 v repeater723/A (sky130_fd_sc_hd__buf_4)
                  0.03    0.20    5.40 v repeater723/X (sky130_fd_sc_hd__buf_4)
     2    0.01                           net723 (net)
                  0.03    0.00    5.40 v repeater722/A (sky130_fd_sc_hd__dlymetal6s2s_1)
                  0.09    0.19    5.59 v repeater722/X (sky130_fd_sc_hd__dlymetal6s2s_1)
     4    0.02                           net722 (net)
                  0.09    0.00    5.59 v _173_/B (sky130_fd_sc_hd__and2_1)
                  0.05    0.20    5.79 v _173_/X (sky130_fd_sc_hd__and2_1)
     1    0.01                           _026_ (net)
                  0.05    0.00    5.79 v repeater680/A (sky130_fd_sc_hd__clkdlybuf4s18_2)
                  0.09    0.28    6.06 v repeater680/X (sky130_fd_sc_hd__clkdlybuf4s18_2)
     2    0.02                           net680 (net)
                  0.09    0.00    6.07 v _209_/A (sky130_fd_sc_hd__clkbuf_4)
                  0.03    0.16    6.23 v _209_/X (sky130_fd_sc_hd__clkbuf_4)
     1    0.00                           _054_ (net)
                  0.03    0.00    6.23 v repeater664/A (sky130_fd_sc_hd__clkdlybuf4s15_2)
                  0.34    0.43    6.65 v repeater664/X (sky130_fd_sc_hd__clkdlybuf4s15_2)
     1    0.09                           net664 (net)
                  0.35    0.04    6.70 v repeater663/A (sky130_fd_sc_hd__clkbuf_4)
                  0.03    0.27    6.97 v repeater663/X (sky130_fd_sc_hd__clkbuf_4)
     2    0.00                           net663 (net)
                  0.03    0.00    6.97 v repeater662/A (sky130_fd_sc_hd__dlymetal6s2s_1)
                  0.09    0.19    7.16 v repeater662/X (sky130_fd_sc_hd__dlymetal6s2s_1)
     4    0.02                           net662 (net)
                  0.09    0.00    7.16 v _210_/A (sky130_fd_sc_hd__dlymetal6s2s_1)
                  0.12    0.24    7.40 v _210_/X (sky130_fd_sc_hd__dlymetal6s2s_1)
     5    0.02                           _055_ (net)
                  0.12    0.00    7.40 v _214_/B1 (sky130_fd_sc_hd__a22o_1)
                  0.04    0.21    7.61 v _214_/X (sky130_fd_sc_hd__a22o_1)
     1    0.00                           _058_ (net)
                  0.04    0.00    7.61 v repeater610/A (sky130_fd_sc_hd__clkdlybuf4s15_2)
                  0.29    0.40    8.01 v repeater610/X (sky130_fd_sc_hd__clkdlybuf4s15_2)
     1    0.08                           net610 (net)
                  0.29    0.03    8.04 v repeater609/A (sky130_fd_sc_hd__clkbuf_4)
                  0.04    0.26    8.30 v repeater609/X (sky130_fd_sc_hd__clkbuf_4)
     1    0.01                           net609 (net)
                  0.04    0.00    8.30 v repeater608/A (sky130_fd_sc_hd__buf_4)
                  0.04    0.15    8.45 v repeater608/X (sky130_fd_sc_hd__buf_4)
     1    0.02                           net608 (net)
                  0.04    0.00    8.46 v _215_/B2 (sky130_fd_sc_hd__o22a_1)
                  0.05    0.17    8.62 v _215_/X (sky130_fd_sc_hd__o22a_1)
     1    0.00                           net112 (net)
                  0.05    0.00    8.62 v repeater342/A (sky130_fd_sc_hd__clkdlybuf4s15_2)
                  0.29    0.40    9.03 v repeater342/X (sky130_fd_sc_hd__clkdlybuf4s15_2)
     1    0.08                           net342 (net)
                  0.29    0.03    9.06 v repeater341/A (sky130_fd_sc_hd__buf_4)
                  0.03    0.26    9.31 v repeater341/X (sky130_fd_sc_hd__buf_4)
     1    0.01                           net341 (net)
                  0.03    0.00    9.31 v repeater340/A (sky130_fd_sc_hd__buf_6)
                  0.03    0.13    9.44 v repeater340/X (sky130_fd_sc_hd__buf_6)
     1    0.02                           net340 (net)
                  0.03    0.00    9.44 v repeater339/A (sky130_fd_sc_hd__buf_6)
                  0.03    0.13    9.57 v repeater339/X (sky130_fd_sc_hd__buf_6)
     1    0.02                           net339 (net)
                  0.03    0.00    9.57 v repeater338/A (sky130_fd_sc_hd__buf_6)
                  0.03    0.12    9.69 v repeater338/X (sky130_fd_sc_hd__buf_6)
     1    0.02                           net338 (net)
                  0.03    0.00    9.70 v repeater337/A (sky130_fd_sc_hd__buf_4)
                  0.04    0.15    9.85 v repeater337/X (sky130_fd_sc_hd__buf_4)
     1    0.02                           net337 (net)
                  0.04    0.00    9.85 v repeater336/A (sky130_fd_sc_hd__buf_4)
                  0.04    0.16   10.01 v repeater336/X (sky130_fd_sc_hd__buf_4)
     1    0.02                           net336 (net)
                  0.04    0.00   10.01 v repeater335/A (sky130_fd_sc_hd__buf_4)
                  0.04    0.16   10.16 v repeater335/X (sky130_fd_sc_hd__buf_4)
     1    0.02                           net335 (net)
                  0.04    0.00   10.17 v repeater334/A (sky130_fd_sc_hd__buf_4)
                  0.04    0.16   10.32 v repeater334/X (sky130_fd_sc_hd__buf_4)
     2    0.02                           net334 (net)
                  0.04    0.00   10.33 v _515_/A (sky130_fd_sc_hd__clkbuf_4)
                  0.03    0.14   10.47 v _515_/X (sky130_fd_sc_hd__clkbuf_4)
     1    0.01                           net145 (net)
                  0.03    0.00   10.47 v repeater176/A (sky130_fd_sc_hd__dlymetal6s2s_1)
                  0.11    0.21   10.67 v repeater176/X (sky130_fd_sc_hd__dlymetal6s2s_1)
     1    0.02                           net176 (net)
                  0.11    0.00   10.68 v repeater175/A (sky130_fd_sc_hd__clkbuf_4)
                  0.05    0.20   10.87 v repeater175/X (sky130_fd_sc_hd__clkbuf_4)
     1    0.02                           net175 (net)
                  0.05    0.00   10.88 v output145/A (sky130_fd_sc_hd__clkbuf_4)
                  0.08    0.20   11.07 v output145/X (sky130_fd_sc_hd__clkbuf_4)
     1    0.03                           wbs_dat_o[6] (net)
                  0.08    0.00   11.08 v wbs_dat_o[6] (out)
                                 11.08   data arrival time

                         16.00   16.00   clock wb_clk_i (rise edge)
                          0.00   16.00   clock network delay (propagated)
                         -0.25   15.75   clock uncertainty
                          0.00   15.75   clock reconvergence pessimism
                         -3.20   12.55   output external delay
                                 12.55   data required time
-----------------------------------------------------------------------------
                                 12.55   data required time
                                -11.08   data arrival time
-----------------------------------------------------------------------------
                                  1.47   slack (MET)


Startpoint: wbs_adr_i[12] (input port clocked by wb_clk_i)
Endpoint: wbs_dat_o[1] (output port clocked by wb_clk_i)
Path Group: wb_clk_i
Path Type: max

Fanout     Cap    Slew   Delay    Time   Description
-----------------------------------------------------------------------------
                          0.00    0.00   clock wb_clk_i (rise edge)
                          0.00    0.00   clock network delay (propagated)
                          3.20    3.20 v input external delay
                  0.01    0.01    3.21 v wbs_adr_i[12] (in)
     1    0.00                           wbs_adr_i[12] (net)
                  0.01    0.00    3.21 v input8/A (sky130_fd_sc_hd__clkbuf_4)
                  0.03    0.13    3.34 v input8/X (sky130_fd_sc_hd__clkbuf_4)
     1    0.01                           net8 (net)
                  0.03    0.00    3.34 v repeater734/A (sky130_fd_sc_hd__clkdlybuf4s15_2)
                  0.07    0.24    3.58 v repeater734/X (sky130_fd_sc_hd__clkdlybuf4s15_2)
     1    0.02                           net734 (net)
                  0.07    0.00    3.58 v repeater733/A (sky130_fd_sc_hd__clkbuf_4)
                  0.05    0.18    3.76 v repeater733/X (sky130_fd_sc_hd__clkbuf_4)
     1    0.02                           net733 (net)
                  0.05    0.00    3.76 v repeater732/A (sky130_fd_sc_hd__buf_4)
                  0.04    0.16    3.93 v repeater732/X (sky130_fd_sc_hd__buf_4)
     1    0.02                           net732 (net)
                  0.04    0.00    3.93 v repeater731/A (sky130_fd_sc_hd__buf_6)
                  0.03    0.13    4.06 v repeater731/X (sky130_fd_sc_hd__buf_6)
     1    0.02                           net731 (net)
                  0.03    0.00    4.06 v repeater730/A (sky130_fd_sc_hd__buf_6)
                  0.03    0.12    4.19 v repeater730/X (sky130_fd_sc_hd__buf_6)
     1    0.02                           net730 (net)
                  0.03    0.00    4.19 v repeater729/A (sky130_fd_sc_hd__buf_4)
                  0.04    0.15    4.34 v repeater729/X (sky130_fd_sc_hd__buf_4)
     1    0.02                           net729 (net)
                  0.04    0.00    4.34 v repeater728/A (sky130_fd_sc_hd__buf_4)
                  0.04    0.16    4.50 v repeater728/X (sky130_fd_sc_hd__buf_4)
     1    0.02                           net728 (net)
                  0.04    0.00    4.50 v repeater727/A (sky130_fd_sc_hd__buf_4)
                  0.04    0.16    4.66 v repeater727/X (sky130_fd_sc_hd__buf_4)
     1    0.02                           net727 (net)
                  0.04    0.00    4.66 v repeater726/A (sky130_fd_sc_hd__buf_4)
                  0.04    0.15    4.81 v repeater726/X (sky130_fd_sc_hd__buf_4)
     1    0.01                           net726 (net)
                  0.04    0.00    4.81 v repeater725/A (sky130_fd_sc_hd__buf_4)
                  0.03    0.14    4.94 v repeater725/X (sky130_fd_sc_hd__buf_4)
     1    0.01                           net725 (net)
                  0.03    0.00    4.94 v repeater724/A (sky130_fd_sc_hd__buf_4)
                  0.13    0.21    5.15 v repeater724/X (sky130_fd_sc_hd__buf_4)
     1    0.10                           net724 (net)
                  0.16    0.05    5.20 v repeater723/A (sky130_fd_sc_hd__buf_4)
                  0.03    0.20    5.40 v repeater723/X (sky130_fd_sc_hd__buf_4)
     2    0.01                           net723 (net)
                  0.03    0.00    5.40 v repeater722/A (sky130_fd_sc_hd__dlymetal6s2s_1)
                  0.09    0.19    5.59 v repeater722/X (sky130_fd_sc_hd__dlymetal6s2s_1)
     4    0.02                           net722 (net)
                  0.09    0.00    5.59 v _173_/B (sky130_fd_sc_hd__and2_1)
                  0.05    0.20    5.79 v _173_/X (sky130_fd_sc_hd__and2_1)
     1    0.01                           _026_ (net)
                  0.05    0.00    5.79 v repeater680/A (sky130_fd_sc_hd__clkdlybuf4s18_2)
                  0.09    0.28    6.06 v repeater680/X (sky130_fd_sc_hd__clkdlybuf4s18_2)
     2    0.02                           net680 (net)
                  0.09    0.00    6.07 v _174_/A (sky130_fd_sc_hd__buf_6)
                  0.03    0.15    6.21 v _174_/X (sky130_fd_sc_hd__buf_6)
     3    0.01                           _027_ (net)
                  0.03    0.00    6.22 v repeater673/A (sky130_fd_sc_hd__clkdlybuf4s15_2)
                  0.27    0.40    6.61 v repeater673/X (sky130_fd_sc_hd__clkdlybuf4s15_2)
     1    0.07                           net673 (net)
                  0.27    0.01    6.62 v repeater672/A (sky130_fd_sc_hd__clkbuf_4)
                  0.03    0.24    6.86 v repeater672/X (sky130_fd_sc_hd__clkbuf_4)
     1    0.00                           net672 (net)
                  0.03    0.00    6.86 v repeater671/A (sky130_fd_sc_hd__buf_4)
                  0.04    0.15    7.01 v repeater671/X (sky130_fd_sc_hd__buf_4)
     3    0.02                           net671 (net)
                  0.04    0.00    7.01 v repeater670/A (sky130_fd_sc_hd__clkdlybuf4s15_2)
                  0.08    0.25    7.27 v repeater670/X (sky130_fd_sc_hd__clkdlybuf4s15_2)
     1    0.02                           net670 (net)
                  0.08    0.00    7.27 v _188_/A (sky130_fd_sc_hd__dlymetal6s2s_1)
                  0.10    0.22    7.49 v _188_/X (sky130_fd_sc_hd__dlymetal6s2s_1)
     5    0.02                           _038_ (net)
                  0.10    0.00    7.49 v _192_/B1 (sky130_fd_sc_hd__a22o_1)
                  0.04    0.20    7.69 v _192_/X (sky130_fd_sc_hd__a22o_1)
     1    0.00                           _041_ (net)
                  0.04    0.00    7.69 v repeater625/A (sky130_fd_sc_hd__clkdlybuf4s15_2)
                  0.24    0.37    8.06 v repeater625/X (sky130_fd_sc_hd__clkdlybuf4s15_2)
     1    0.07                           net625 (net)
                  0.25    0.03    8.09 v repeater624/A (sky130_fd_sc_hd__buf_4)
                  0.03    0.24    8.32 v repeater624/X (sky130_fd_sc_hd__buf_4)
     1    0.01                           net624 (net)
                  0.03    0.00    8.32 v repeater623/A (sky130_fd_sc_hd__buf_4)
                  0.04    0.15    8.48 v repeater623/X (sky130_fd_sc_hd__buf_4)
     1    0.02                           net623 (net)
                  0.04    0.00    8.48 v _193_/B2 (sky130_fd_sc_hd__o22a_1)
                  0.04    0.16    8.64 v _193_/X (sky130_fd_sc_hd__o22a_1)
     1    0.00                           net63 (net)
                  0.04    0.00    8.64 v repeater388/A (sky130_fd_sc_hd__dlymetal6s2s_1)
                  0.16    0.25    8.89 v repeater388/X (sky130_fd_sc_hd__dlymetal6s2s_1)
     1    0.03                           net388 (net)
                  0.16    0.01    8.89 v repeater387/A (sky130_fd_sc_hd__clkbuf_4)
                  0.08    0.24    9.14 v repeater387/X (sky130_fd_sc_hd__clkbuf_4)
     1    0.03                           net387 (net)
                  0.08    0.01    9.14 v repeater386/A (sky130_fd_sc_hd__buf_4)
                  0.04    0.17    9.31 v repeater386/X (sky130_fd_sc_hd__buf_4)
     1    0.01                           net386 (net)
                  0.04    0.00    9.32 v repeater385/A (sky130_fd_sc_hd__buf_6)
                  0.03    0.13    9.44 v repeater385/X (sky130_fd_sc_hd__buf_6)
     1    0.02                           net385 (net)
                  0.03    0.00    9.45 v repeater384/A (sky130_fd_sc_hd__buf_6)
                  0.03    0.13    9.57 v repeater384/X (sky130_fd_sc_hd__buf_6)
     1    0.02                           net384 (net)
                  0.03    0.00    9.58 v repeater383/A (sky130_fd_sc_hd__buf_6)
                  0.03    0.12    9.70 v repeater383/X (sky130_fd_sc_hd__buf_6)
     1    0.02                           net383 (net)
                  0.03    0.00    9.70 v repeater382/A (sky130_fd_sc_hd__buf_4)
                  0.04    0.15    9.85 v repeater382/X (sky130_fd_sc_hd__buf_4)
     1    0.02                           net382 (net)
                  0.04    0.00    9.85 v repeater381/A (sky130_fd_sc_hd__buf_4)
                  0.04    0.16   10.01 v repeater381/X (sky130_fd_sc_hd__buf_4)
     1    0.02                           net381 (net)
                  0.04    0.00   10.01 v repeater380/A (sky130_fd_sc_hd__buf_4)
                  0.04    0.16   10.17 v repeater380/X (sky130_fd_sc_hd__buf_4)
     1    0.02                           net380 (net)
                  0.04    0.00   10.17 v repeater379/A (sky130_fd_sc_hd__buf_4)
                  0.04    0.16   10.33 v repeater379/X (sky130_fd_sc_hd__buf_4)
     2    0.02                           net379 (net)
                  0.04    0.00   10.33 v _510_/A (sky130_fd_sc_hd__dlymetal6s2s_1)
                  0.04    0.14   10.47 v _510_/X (sky130_fd_sc_hd__dlymetal6s2s_1)
     1    0.00                           net128 (net)
                  0.04    0.00   10.47 v repeater186/A (sky130_fd_sc_hd__dlymetal6s2s_1)
                  0.10    0.20   10.67 v repeater186/X (sky130_fd_sc_hd__dlymetal6s2s_1)
     1    0.02                           net186 (net)
                  0.10    0.00   10.67 v repeater185/A (sky130_fd_sc_hd__clkbuf_4)
                  0.05    0.19   10.87 v repeater185/X (sky130_fd_sc_hd__clkbuf_4)
     1    0.02                           net185 (net)
                  0.05    0.00   10.87 v output128/A (sky130_fd_sc_hd__clkbuf_4)
                  0.08    0.20   11.06 v output128/X (sky130_fd_sc_hd__clkbuf_4)
     1    0.03                           wbs_dat_o[1] (net)
                  0.08    0.00   11.07 v wbs_dat_o[1] (out)
                                 11.07   data arrival time

                         16.00   16.00   clock wb_clk_i (rise edge)
                          0.00   16.00   clock network delay (propagated)
                         -0.25   15.75   clock uncertainty
                          0.00   15.75   clock reconvergence pessimism
                         -3.20   12.55   output external delay
                                 12.55   data required time
-----------------------------------------------------------------------------
                                 12.55   data required time
                                -11.07   data arrival time
-----------------------------------------------------------------------------
                                  1.48   slack (MET)


Startpoint: wbs_adr_i[12] (input port clocked by wb_clk_i)
Endpoint: wbs_dat_o[2] (output port clocked by wb_clk_i)
Path Group: wb_clk_i
Path Type: max

Fanout     Cap    Slew   Delay    Time   Description
-----------------------------------------------------------------------------
                          0.00    0.00   clock wb_clk_i (rise edge)
                          0.00    0.00   clock network delay (propagated)
                          3.20    3.20 v input external delay
                  0.01    0.01    3.21 v wbs_adr_i[12] (in)
     1    0.00                           wbs_adr_i[12] (net)
                  0.01    0.00    3.21 v input8/A (sky130_fd_sc_hd__clkbuf_4)
                  0.03    0.13    3.34 v input8/X (sky130_fd_sc_hd__clkbuf_4)
     1    0.01                           net8 (net)
                  0.03    0.00    3.34 v repeater734/A (sky130_fd_sc_hd__clkdlybuf4s15_2)
                  0.07    0.24    3.58 v repeater734/X (sky130_fd_sc_hd__clkdlybuf4s15_2)
     1    0.02                           net734 (net)
                  0.07    0.00    3.58 v repeater733/A (sky130_fd_sc_hd__clkbuf_4)
                  0.05    0.18    3.76 v repeater733/X (sky130_fd_sc_hd__clkbuf_4)
     1    0.02                           net733 (net)
                  0.05    0.00    3.76 v repeater732/A (sky130_fd_sc_hd__buf_4)
                  0.04    0.16    3.93 v repeater732/X (sky130_fd_sc_hd__buf_4)
     1    0.02                           net732 (net)
                  0.04    0.00    3.93 v repeater731/A (sky130_fd_sc_hd__buf_6)
                  0.03    0.13    4.06 v repeater731/X (sky130_fd_sc_hd__buf_6)
     1    0.02                           net731 (net)
                  0.03    0.00    4.06 v repeater730/A (sky130_fd_sc_hd__buf_6)
                  0.03    0.12    4.19 v repeater730/X (sky130_fd_sc_hd__buf_6)
     1    0.02                           net730 (net)
                  0.03    0.00    4.19 v repeater729/A (sky130_fd_sc_hd__buf_4)
                  0.04    0.15    4.34 v repeater729/X (sky130_fd_sc_hd__buf_4)
     1    0.02                           net729 (net)
                  0.04    0.00    4.34 v repeater728/A (sky130_fd_sc_hd__buf_4)
                  0.04    0.16    4.50 v repeater728/X (sky130_fd_sc_hd__buf_4)
     1    0.02                           net728 (net)
                  0.04    0.00    4.50 v repeater727/A (sky130_fd_sc_hd__buf_4)
                  0.04    0.16    4.66 v repeater727/X (sky130_fd_sc_hd__buf_4)
     1    0.02                           net727 (net)
                  0.04    0.00    4.66 v repeater726/A (sky130_fd_sc_hd__buf_4)
                  0.04    0.15    4.81 v repeater726/X (sky130_fd_sc_hd__buf_4)
     1    0.01                           net726 (net)
                  0.04    0.00    4.81 v repeater725/A (sky130_fd_sc_hd__buf_4)
                  0.03    0.14    4.94 v repeater725/X (sky130_fd_sc_hd__buf_4)
     1    0.01                           net725 (net)
                  0.03    0.00    4.94 v repeater724/A (sky130_fd_sc_hd__buf_4)
                  0.13    0.21    5.15 v repeater724/X (sky130_fd_sc_hd__buf_4)
     1    0.10                           net724 (net)
                  0.16    0.05    5.20 v repeater723/A (sky130_fd_sc_hd__buf_4)
                  0.03    0.20    5.40 v repeater723/X (sky130_fd_sc_hd__buf_4)
     2    0.01                           net723 (net)
                  0.03    0.00    5.40 v repeater722/A (sky130_fd_sc_hd__dlymetal6s2s_1)
                  0.09    0.19    5.59 v repeater722/X (sky130_fd_sc_hd__dlymetal6s2s_1)
     4    0.02                           net722 (net)
                  0.09    0.00    5.59 v _173_/B (sky130_fd_sc_hd__and2_1)
                  0.05    0.20    5.79 v _173_/X (sky130_fd_sc_hd__and2_1)
     1    0.01                           _026_ (net)
                  0.05    0.00    5.79 v repeater680/A (sky130_fd_sc_hd__clkdlybuf4s18_2)
                  0.09    0.28    6.06 v repeater680/X (sky130_fd_sc_hd__clkdlybuf4s18_2)
     2    0.02                           net680 (net)
                  0.09    0.00    6.07 v _174_/A (sky130_fd_sc_hd__buf_6)
                  0.03    0.15    6.21 v _174_/X (sky130_fd_sc_hd__buf_6)
     3    0.01                           _027_ (net)
                  0.03    0.00    6.22 v repeater673/A (sky130_fd_sc_hd__clkdlybuf4s15_2)
                  0.27    0.40    6.61 v repeater673/X (sky130_fd_sc_hd__clkdlybuf4s15_2)
     1    0.07                           net673 (net)
                  0.27    0.01    6.62 v repeater672/A (sky130_fd_sc_hd__clkbuf_4)
                  0.03    0.24    6.86 v repeater672/X (sky130_fd_sc_hd__clkbuf_4)
     1    0.00                           net672 (net)
                  0.03    0.00    6.86 v repeater671/A (sky130_fd_sc_hd__buf_4)
                  0.04    0.15    7.01 v repeater671/X (sky130_fd_sc_hd__buf_4)
     3    0.02                           net671 (net)
                  0.04    0.00    7.01 v repeater670/A (sky130_fd_sc_hd__clkdlybuf4s15_2)
                  0.08    0.25    7.27 v repeater670/X (sky130_fd_sc_hd__clkdlybuf4s15_2)
     1    0.02                           net670 (net)
                  0.08    0.00    7.27 v _188_/A (sky130_fd_sc_hd__dlymetal6s2s_1)
                  0.10    0.22    7.49 v _188_/X (sky130_fd_sc_hd__dlymetal6s2s_1)
     5    0.02                           _038_ (net)
                  0.10    0.00    7.49 v _195_/B1 (sky130_fd_sc_hd__a22o_1)
                  0.04    0.21    7.70 v _195_/X (sky130_fd_sc_hd__a22o_1)
     1    0.00                           _043_ (net)
                  0.04    0.00    7.70 v repeater622/A (sky130_fd_sc_hd__clkdlybuf4s15_2)
                  0.25    0.38    8.07 v repeater622/X (sky130_fd_sc_hd__clkdlybuf4s15_2)
     1    0.07                           net622 (net)
                  0.26    0.03    8.10 v repeater621/A (sky130_fd_sc_hd__buf_4)
                  0.03    0.24    8.34 v repeater621/X (sky130_fd_sc_hd__buf_4)
     1    0.01                           net621 (net)
                  0.03    0.00    8.34 v repeater620/A (sky130_fd_sc_hd__buf_4)
                  0.04    0.15    8.50 v repeater620/X (sky130_fd_sc_hd__buf_4)
     1    0.02                           net620 (net)
                  0.04    0.00    8.50 v _196_/B2 (sky130_fd_sc_hd__o22a_1)
                  0.17    0.30    8.79 v _196_/X (sky130_fd_sc_hd__o22a_1)
     1    0.03                           net74 (net)
                  0.17    0.01    8.80 v repeater378/A (sky130_fd_sc_hd__clkbuf_4)
                  0.09    0.25    9.05 v repeater378/X (sky130_fd_sc_hd__clkbuf_4)
     1    0.04                           net378 (net)
                  0.09    0.01    9.06 v repeater377/A (sky130_fd_sc_hd__buf_4)
                  0.04    0.17    9.23 v repeater377/X (sky130_fd_sc_hd__buf_4)
     1    0.01                           net377 (net)
                  0.04    0.00    9.23 v repeater376/A (sky130_fd_sc_hd__buf_6)
                  0.03    0.13    9.36 v repeater376/X (sky130_fd_sc_hd__buf_6)
     1    0.02                           net376 (net)
                  0.03    0.00    9.36 v repeater375/A (sky130_fd_sc_hd__buf_6)
                  0.03    0.13    9.48 v repeater375/X (sky130_fd_sc_hd__buf_6)
     1    0.02                           net375 (net)
                  0.03    0.00    9.49 v repeater374/A (sky130_fd_sc_hd__buf_6)
                  0.03    0.12    9.61 v repeater374/X (sky130_fd_sc_hd__buf_6)
     1    0.02                           net374 (net)
                  0.03    0.00    9.61 v repeater373/A (sky130_fd_sc_hd__buf_4)
                  0.04    0.15    9.76 v repeater373/X (sky130_fd_sc_hd__buf_4)
     1    0.02                           net373 (net)
                  0.04    0.00    9.76 v repeater372/A (sky130_fd_sc_hd__buf_4)
                  0.04    0.15    9.92 v repeater372/X (sky130_fd_sc_hd__buf_4)
     1    0.02                           net372 (net)
                  0.04    0.00    9.92 v repeater371/A (sky130_fd_sc_hd__buf_4)
                  0.04    0.16   10.08 v repeater371/X (sky130_fd_sc_hd__buf_4)
     1    0.02                           net371 (net)
                  0.04    0.00   10.08 v repeater370/A (sky130_fd_sc_hd__buf_4)
                  0.04    0.16   10.24 v repeater370/X (sky130_fd_sc_hd__buf_4)
     2    0.02                           net370 (net)
                  0.04    0.00   10.24 v _511_/A (sky130_fd_sc_hd__dlymetal6s2s_1)
                  0.04    0.15   10.39 v _511_/X (sky130_fd_sc_hd__dlymetal6s2s_1)
     1    0.00                           net139 (net)
                  0.04    0.00   10.39 v repeater184/A (sky130_fd_sc_hd__dlymetal6s2s_1)
                  0.11    0.20   10.59 v repeater184/X (sky130_fd_sc_hd__dlymetal6s2s_1)
     1    0.02                           net184 (net)
                  0.11    0.00   10.59 v repeater183/A (sky130_fd_sc_hd__clkbuf_4)
                  0.05    0.19   10.79 v repeater183/X (sky130_fd_sc_hd__clkbuf_4)
     1    0.02                           net183 (net)
                  0.05    0.00   10.79 v output139/A (sky130_fd_sc_hd__clkbuf_4)
                  0.08    0.20   10.98 v output139/X (sky130_fd_sc_hd__clkbuf_4)
     1    0.03                           wbs_dat_o[2] (net)
                  0.08    0.00   10.98 v wbs_dat_o[2] (out)
                                 10.98   data arrival time

                         16.00   16.00   clock wb_clk_i (rise edge)
                          0.00   16.00   clock network delay (propagated)
                         -0.25   15.75   clock uncertainty
                          0.00   15.75   clock reconvergence pessimism
                         -3.20   12.55   output external delay
                                 12.55   data required time
-----------------------------------------------------------------------------
                                 12.55   data required time
                                -10.98   data arrival time
-----------------------------------------------------------------------------
                                  1.57   slack (MET)


Startpoint: wbs_adr_i[12] (input port clocked by wb_clk_i)
Endpoint: wbs_dat_o[17] (output port clocked by wb_clk_i)
Path Group: wb_clk_i
Path Type: max

Fanout     Cap    Slew   Delay    Time   Description
-----------------------------------------------------------------------------
                          0.00    0.00   clock wb_clk_i (rise edge)
                          0.00    0.00   clock network delay (propagated)
                          3.20    3.20 v input external delay
                  0.01    0.01    3.21 v wbs_adr_i[12] (in)
     1    0.00                           wbs_adr_i[12] (net)
                  0.01    0.00    3.21 v input8/A (sky130_fd_sc_hd__clkbuf_4)
                  0.03    0.13    3.34 v input8/X (sky130_fd_sc_hd__clkbuf_4)
     1    0.01                           net8 (net)
                  0.03    0.00    3.34 v repeater734/A (sky130_fd_sc_hd__clkdlybuf4s15_2)
                  0.07    0.24    3.58 v repeater734/X (sky130_fd_sc_hd__clkdlybuf4s15_2)
     1    0.02                           net734 (net)
                  0.07    0.00    3.58 v repeater733/A (sky130_fd_sc_hd__clkbuf_4)
                  0.05    0.18    3.76 v repeater733/X (sky130_fd_sc_hd__clkbuf_4)
     1    0.02                           net733 (net)
                  0.05    0.00    3.76 v repeater732/A (sky130_fd_sc_hd__buf_4)
                  0.04    0.16    3.93 v repeater732/X (sky130_fd_sc_hd__buf_4)
     1    0.02                           net732 (net)
                  0.04    0.00    3.93 v repeater731/A (sky130_fd_sc_hd__buf_6)
                  0.03    0.13    4.06 v repeater731/X (sky130_fd_sc_hd__buf_6)
     1    0.02                           net731 (net)
                  0.03    0.00    4.06 v repeater730/A (sky130_fd_sc_hd__buf_6)
                  0.03    0.12    4.19 v repeater730/X (sky130_fd_sc_hd__buf_6)
     1    0.02                           net730 (net)
                  0.03    0.00    4.19 v repeater729/A (sky130_fd_sc_hd__buf_4)
                  0.04    0.15    4.34 v repeater729/X (sky130_fd_sc_hd__buf_4)
     1    0.02                           net729 (net)
                  0.04    0.00    4.34 v repeater728/A (sky130_fd_sc_hd__buf_4)
                  0.04    0.16    4.50 v repeater728/X (sky130_fd_sc_hd__buf_4)
     1    0.02                           net728 (net)
                  0.04    0.00    4.50 v repeater727/A (sky130_fd_sc_hd__buf_4)
                  0.04    0.16    4.66 v repeater727/X (sky130_fd_sc_hd__buf_4)
     1    0.02                           net727 (net)
                  0.04    0.00    4.66 v repeater726/A (sky130_fd_sc_hd__buf_4)
                  0.04    0.15    4.81 v repeater726/X (sky130_fd_sc_hd__buf_4)
     1    0.01                           net726 (net)
                  0.04    0.00    4.81 v repeater725/A (sky130_fd_sc_hd__buf_4)
                  0.03    0.14    4.94 v repeater725/X (sky130_fd_sc_hd__buf_4)
     1    0.01                           net725 (net)
                  0.03    0.00    4.94 v repeater724/A (sky130_fd_sc_hd__buf_4)
                  0.13    0.21    5.15 v repeater724/X (sky130_fd_sc_hd__buf_4)
     1    0.10                           net724 (net)
                  0.16    0.05    5.20 v repeater723/A (sky130_fd_sc_hd__buf_4)
                  0.03    0.20    5.40 v repeater723/X (sky130_fd_sc_hd__buf_4)
     2    0.01                           net723 (net)
                  0.03    0.00    5.40 v repeater722/A (sky130_fd_sc_hd__dlymetal6s2s_1)
                  0.09    0.19    5.59 v repeater722/X (sky130_fd_sc_hd__dlymetal6s2s_1)
     4    0.02                           net722 (net)
                  0.09    0.00    5.59 v _173_/B (sky130_fd_sc_hd__and2_1)
                  0.05    0.20    5.79 v _173_/X (sky130_fd_sc_hd__and2_1)
     1    0.01                           _026_ (net)
                  0.05    0.00    5.79 v repeater680/A (sky130_fd_sc_hd__clkdlybuf4s18_2)
                  0.09    0.28    6.06 v repeater680/X (sky130_fd_sc_hd__clkdlybuf4s18_2)
     2    0.02                           net680 (net)
                  0.09    0.00    6.07 v _209_/A (sky130_fd_sc_hd__clkbuf_4)
                  0.03    0.16    6.23 v _209_/X (sky130_fd_sc_hd__clkbuf_4)
     1    0.00                           _054_ (net)
                  0.03    0.00    6.23 v repeater664/A (sky130_fd_sc_hd__clkdlybuf4s15_2)
                  0.34    0.43    6.65 v repeater664/X (sky130_fd_sc_hd__clkdlybuf4s15_2)
     1    0.09                           net664 (net)
                  0.35    0.04    6.70 v repeater663/A (sky130_fd_sc_hd__clkbuf_4)
                  0.03    0.27    6.97 v repeater663/X (sky130_fd_sc_hd__clkbuf_4)
     2    0.00                           net663 (net)
                  0.03    0.00    6.97 v repeater662/A (sky130_fd_sc_hd__dlymetal6s2s_1)
                  0.09    0.19    7.16 v repeater662/X (sky130_fd_sc_hd__dlymetal6s2s_1)
     4    0.02                           net662 (net)
                  0.09    0.00    7.16 v _250_/A (sky130_fd_sc_hd__dlymetal6s2s_1)
                  0.10    0.22    7.38 v _250_/X (sky130_fd_sc_hd__dlymetal6s2s_1)
     5    0.02                           _085_ (net)
                  0.10    0.00    7.38 v _257_/B1 (sky130_fd_sc_hd__a22o_1)
                  0.04    0.21    7.59 v _257_/X (sky130_fd_sc_hd__a22o_1)
     1    0.00                           _090_ (net)
                  0.04    0.00    7.59 v repeater577/A (sky130_fd_sc_hd__clkdlybuf4s15_2)
                  0.34    0.45    8.04 v repeater577/X (sky130_fd_sc_hd__clkdlybuf4s15_2)
     1    0.09                           net577 (net)
                  0.35    0.03    8.07 v repeater576/A (sky130_fd_sc_hd__buf_4)
                  0.04    0.28    8.34 v repeater576/X (sky130_fd_sc_hd__buf_4)
     1    0.01                           net576 (net)
                  0.04    0.00    8.34 v repeater575/A (sky130_fd_sc_hd__buf_4)
                  0.04    0.15    8.49 v repeater575/X (sky130_fd_sc_hd__buf_4)
     1    0.02                           net575 (net)
                  0.04    0.00    8.50 v _258_/B2 (sky130_fd_sc_hd__o22a_1)
                  0.04    0.15    8.65 v _258_/X (sky130_fd_sc_hd__o22a_1)
     1    0.00                           net60 (net)
                  0.04    0.00    8.65 v repeater253/A (sky130_fd_sc_hd__clkdlybuf4s15_2)
                  0.36    0.46    9.11 v repeater253/X (sky130_fd_sc_hd__clkdlybuf4s15_2)
     1    0.10                           net253 (net)
                  0.37    0.03    9.14 v repeater252/A (sky130_fd_sc_hd__buf_4)
                  0.04    0.29    9.43 v repeater252/X (sky130_fd_sc_hd__buf_4)
     1    0.01                           net252 (net)
                  0.04    0.00    9.43 v repeater251/A (sky130_fd_sc_hd__buf_6)
                  0.03    0.13    9.56 v repeater251/X (sky130_fd_sc_hd__buf_6)
     1    0.02                           net251 (net)
                  0.03    0.00    9.57 v repeater250/A (sky130_fd_sc_hd__buf_6)
                  0.03    0.13    9.69 v repeater250/X (sky130_fd_sc_hd__buf_6)
     1    0.02                           net250 (net)
                  0.03    0.00    9.69 v repeater249/A (sky130_fd_sc_hd__buf_6)
                  0.03    0.12    9.82 v repeater249/X (sky130_fd_sc_hd__buf_6)
     1    0.02                           net249 (net)
                  0.03    0.00    9.82 v repeater248/A (sky130_fd_sc_hd__buf_4)
                  0.04    0.15    9.97 v repeater248/X (sky130_fd_sc_hd__buf_4)
     1    0.02                           net248 (net)
                  0.04    0.00    9.97 v repeater247/A (sky130_fd_sc_hd__buf_4)
                  0.04    0.16   10.13 v repeater247/X (sky130_fd_sc_hd__buf_4)
     1    0.02                           net247 (net)
                  0.04    0.00   10.13 v repeater246/A (sky130_fd_sc_hd__buf_4)
                  0.04    0.16   10.29 v repeater246/X (sky130_fd_sc_hd__buf_4)
     2    0.02                           net246 (net)
                  0.04    0.00   10.29 v _526_/A (sky130_fd_sc_hd__buf_4)
                  0.04    0.16   10.45 v _526_/X (sky130_fd_sc_hd__buf_4)
     1    0.02                           net125 (net)
                  0.04    0.00   10.45 v repeater154/A (sky130_fd_sc_hd__clkbuf_4)
                  0.06    0.17   10.62 v repeater154/X (sky130_fd_sc_hd__clkbuf_4)
     1    0.02                           net154 (net)
                  0.06    0.00   10.62 v repeater153/A (sky130_fd_sc_hd__buf_4)
                  0.04    0.16   10.79 v repeater153/X (sky130_fd_sc_hd__buf_4)
     1    0.02                           net153 (net)
                  0.04    0.00   10.79 v output125/A (sky130_fd_sc_hd__clkbuf_4)
                  0.08    0.19   10.98 v output125/X (sky130_fd_sc_hd__clkbuf_4)
     1    0.03                           wbs_dat_o[17] (net)
                  0.08    0.00   10.98 v wbs_dat_o[17] (out)
                                 10.98   data arrival time

                         16.00   16.00   clock wb_clk_i (rise edge)
                          0.00   16.00   clock network delay (propagated)
                         -0.25   15.75   clock uncertainty
                          0.00   15.75   clock reconvergence pessimism
                         -3.20   12.55   output external delay
                                 12.55   data required time
-----------------------------------------------------------------------------
                                 12.55   data required time
                                -10.98   data arrival time
-----------------------------------------------------------------------------
                                  1.57   slack (MET)


Startpoint: wbs_adr_i[12] (input port clocked by wb_clk_i)
Endpoint: wbs_dat_o[19] (output port clocked by wb_clk_i)
Path Group: wb_clk_i
Path Type: max

Fanout     Cap    Slew   Delay    Time   Description
-----------------------------------------------------------------------------
                          0.00    0.00   clock wb_clk_i (rise edge)
                          0.00    0.00   clock network delay (propagated)
                          3.20    3.20 v input external delay
                  0.01    0.01    3.21 v wbs_adr_i[12] (in)
     1    0.00                           wbs_adr_i[12] (net)
                  0.01    0.00    3.21 v input8/A (sky130_fd_sc_hd__clkbuf_4)
                  0.03    0.13    3.34 v input8/X (sky130_fd_sc_hd__clkbuf_4)
     1    0.01                           net8 (net)
                  0.03    0.00    3.34 v repeater734/A (sky130_fd_sc_hd__clkdlybuf4s15_2)
                  0.07    0.24    3.58 v repeater734/X (sky130_fd_sc_hd__clkdlybuf4s15_2)
     1    0.02                           net734 (net)
                  0.07    0.00    3.58 v repeater733/A (sky130_fd_sc_hd__clkbuf_4)
                  0.05    0.18    3.76 v repeater733/X (sky130_fd_sc_hd__clkbuf_4)
     1    0.02                           net733 (net)
                  0.05    0.00    3.76 v repeater732/A (sky130_fd_sc_hd__buf_4)
                  0.04    0.16    3.93 v repeater732/X (sky130_fd_sc_hd__buf_4)
     1    0.02                           net732 (net)
                  0.04    0.00    3.93 v repeater731/A (sky130_fd_sc_hd__buf_6)
                  0.03    0.13    4.06 v repeater731/X (sky130_fd_sc_hd__buf_6)
     1    0.02                           net731 (net)
                  0.03    0.00    4.06 v repeater730/A (sky130_fd_sc_hd__buf_6)
                  0.03    0.12    4.19 v repeater730/X (sky130_fd_sc_hd__buf_6)
     1    0.02                           net730 (net)
                  0.03    0.00    4.19 v repeater729/A (sky130_fd_sc_hd__buf_4)
                  0.04    0.15    4.34 v repeater729/X (sky130_fd_sc_hd__buf_4)
     1    0.02                           net729 (net)
                  0.04    0.00    4.34 v repeater728/A (sky130_fd_sc_hd__buf_4)
                  0.04    0.16    4.50 v repeater728/X (sky130_fd_sc_hd__buf_4)
     1    0.02                           net728 (net)
                  0.04    0.00    4.50 v repeater727/A (sky130_fd_sc_hd__buf_4)
                  0.04    0.16    4.66 v repeater727/X (sky130_fd_sc_hd__buf_4)
     1    0.02                           net727 (net)
                  0.04    0.00    4.66 v repeater726/A (sky130_fd_sc_hd__buf_4)
                  0.04    0.15    4.81 v repeater726/X (sky130_fd_sc_hd__buf_4)
     1    0.01                           net726 (net)
                  0.04    0.00    4.81 v repeater725/A (sky130_fd_sc_hd__buf_4)
                  0.03    0.14    4.94 v repeater725/X (sky130_fd_sc_hd__buf_4)
     1    0.01                           net725 (net)
                  0.03    0.00    4.94 v repeater724/A (sky130_fd_sc_hd__buf_4)
                  0.13    0.21    5.15 v repeater724/X (sky130_fd_sc_hd__buf_4)
     1    0.10                           net724 (net)
                  0.16    0.05    5.20 v repeater723/A (sky130_fd_sc_hd__buf_4)
                  0.03    0.20    5.40 v repeater723/X (sky130_fd_sc_hd__buf_4)
     2    0.01                           net723 (net)
                  0.03    0.00    5.40 v repeater722/A (sky130_fd_sc_hd__dlymetal6s2s_1)
                  0.09    0.19    5.59 v repeater722/X (sky130_fd_sc_hd__dlymetal6s2s_1)
     4    0.02                           net722 (net)
                  0.09    0.00    5.59 v _173_/B (sky130_fd_sc_hd__and2_1)
                  0.05    0.20    5.79 v _173_/X (sky130_fd_sc_hd__and2_1)
     1    0.01                           _026_ (net)
                  0.05    0.00    5.79 v repeater680/A (sky130_fd_sc_hd__clkdlybuf4s18_2)
                  0.09    0.28    6.06 v repeater680/X (sky130_fd_sc_hd__clkdlybuf4s18_2)
     2    0.02                           net680 (net)
                  0.09    0.00    6.07 v _209_/A (sky130_fd_sc_hd__clkbuf_4)
                  0.03    0.16    6.23 v _209_/X (sky130_fd_sc_hd__clkbuf_4)
     1    0.00                           _054_ (net)
                  0.03    0.00    6.23 v repeater664/A (sky130_fd_sc_hd__clkdlybuf4s15_2)
                  0.34    0.43    6.65 v repeater664/X (sky130_fd_sc_hd__clkdlybuf4s15_2)
     1    0.09                           net664 (net)
                  0.35    0.04    6.70 v repeater663/A (sky130_fd_sc_hd__clkbuf_4)
                  0.03    0.27    6.97 v repeater663/X (sky130_fd_sc_hd__clkbuf_4)
     2    0.00                           net663 (net)
                  0.03    0.00    6.97 v repeater662/A (sky130_fd_sc_hd__dlymetal6s2s_1)
                  0.09    0.19    7.16 v repeater662/X (sky130_fd_sc_hd__dlymetal6s2s_1)
     4    0.02                           net662 (net)
                  0.09    0.00    7.16 v _250_/A (sky130_fd_sc_hd__dlymetal6s2s_1)
                  0.10    0.22    7.38 v _250_/X (sky130_fd_sc_hd__dlymetal6s2s_1)
     5    0.02                           _085_ (net)
                  0.10    0.00    7.38 v _264_/B1 (sky130_fd_sc_hd__a22o_1)
                  0.04    0.21    7.59 v _264_/X (sky130_fd_sc_hd__a22o_1)
     1    0.00                           _095_ (net)
                  0.04    0.00    7.59 v repeater571/A (sky130_fd_sc_hd__clkdlybuf4s15_2)
                  0.34    0.45    8.04 v repeater571/X (sky130_fd_sc_hd__clkdlybuf4s15_2)
     1    0.09                           net571 (net)
                  0.34    0.01    8.05 v repeater570/A (sky130_fd_sc_hd__buf_4)
                  0.03    0.27    8.32 v repeater570/X (sky130_fd_sc_hd__buf_4)
     1    0.01                           net570 (net)
                  0.03    0.00    8.33 v repeater569/A (sky130_fd_sc_hd__buf_4)
                  0.04    0.15    8.48 v repeater569/X (sky130_fd_sc_hd__buf_4)
     1    0.02                           net569 (net)
                  0.04    0.00    8.48 v _265_/B2 (sky130_fd_sc_hd__o22a_1)
                  0.05    0.17    8.65 v _265_/X (sky130_fd_sc_hd__o22a_1)
     1    0.00                           net62 (net)
                  0.05    0.00    8.65 v repeater237/A (sky130_fd_sc_hd__clkdlybuf4s15_2)
                  0.35    0.44    9.08 v repeater237/X (sky130_fd_sc_hd__clkdlybuf4s15_2)
     1    0.09                           net237 (net)
                  0.36    0.05    9.13 v repeater236/A (sky130_fd_sc_hd__buf_4)
                  0.04    0.29    9.42 v repeater236/X (sky130_fd_sc_hd__buf_4)
     1    0.01                           net236 (net)
                  0.04    0.00    9.42 v repeater235/A (sky130_fd_sc_hd__buf_6)
                  0.03    0.13    9.55 v repeater235/X (sky130_fd_sc_hd__buf_6)
     1    0.02                           net235 (net)
                  0.03    0.00    9.55 v repeater234/A (sky130_fd_sc_hd__buf_6)
                  0.03    0.13    9.68 v repeater234/X (sky130_fd_sc_hd__buf_6)
     1    0.02                           net234 (net)
                  0.03    0.00    9.68 v repeater233/A (sky130_fd_sc_hd__buf_6)
                  0.03    0.12    9.80 v repeater233/X (sky130_fd_sc_hd__buf_6)
     1    0.02                           net233 (net)
                  0.03    0.00    9.80 v repeater232/A (sky130_fd_sc_hd__buf_4)
                  0.04    0.15    9.95 v repeater232/X (sky130_fd_sc_hd__buf_4)
     1    0.02                           net232 (net)
                  0.04    0.00    9.96 v repeater231/A (sky130_fd_sc_hd__buf_4)
                  0.04    0.16   10.11 v repeater231/X (sky130_fd_sc_hd__buf_4)
     1    0.02                           net231 (net)
                  0.04    0.00   10.11 v repeater230/A (sky130_fd_sc_hd__buf_4)
                  0.04    0.16   10.27 v repeater230/X (sky130_fd_sc_hd__buf_4)
     2    0.02                           net230 (net)
                  0.04    0.00   10.27 v _528_/A (sky130_fd_sc_hd__buf_4)
                  0.04    0.16   10.43 v _528_/X (sky130_fd_sc_hd__buf_4)
     1    0.02                           net127 (net)
                  0.04    0.00   10.43 v repeater150/A (sky130_fd_sc_hd__clkbuf_4)
                  0.06    0.17   10.60 v repeater150/X (sky130_fd_sc_hd__clkbuf_4)
     1    0.02                           net150 (net)
                  0.06    0.00   10.60 v repeater149/A (sky130_fd_sc_hd__buf_4)
                  0.04    0.16   10.77 v repeater149/X (sky130_fd_sc_hd__buf_4)
     1    0.02                           net149 (net)
                  0.04    0.00   10.77 v output127/A (sky130_fd_sc_hd__clkbuf_4)
                  0.08    0.19   10.96 v output127/X (sky130_fd_sc_hd__clkbuf_4)
     1    0.03                           wbs_dat_o[19] (net)
                  0.08    0.00   10.96 v wbs_dat_o[19] (out)
                                 10.96   data arrival time

                         16.00   16.00   clock wb_clk_i (rise edge)
                          0.00   16.00   clock network delay (propagated)
                         -0.25   15.75   clock uncertainty
                          0.00   15.75   clock reconvergence pessimism
                         -3.20   12.55   output external delay
                                 12.55   data required time
-----------------------------------------------------------------------------
                                 12.55   data required time
                                -10.96   data arrival time
-----------------------------------------------------------------------------
                                  1.59   slack (MET)


