
===========================================================================
report_checks -unconstrained
============================================================================
Startpoint: wbs_adr_i[11] (input port clocked by wb_clk_i)
Endpoint: wbs_dat_o[5] (output port clocked by wb_clk_i)
Path Group: wb_clk_i
Path Type: max

Fanout     Cap    Slew   Delay    Time   Description
-----------------------------------------------------------------------------
                          0.00    0.00   clock wb_clk_i (rise edge)
                          0.00    0.00   clock network delay (propagated)
                          4.00    4.00 v input external delay
                  0.01    0.01    4.01 v wbs_adr_i[11] (in)
     1    0.00                           wbs_adr_i[11] (net)
                  0.01    0.00    4.01 v input7/A (sky130_fd_sc_hd__dlymetal6s2s_1)
                  0.04    0.13    4.14 v input7/X (sky130_fd_sc_hd__dlymetal6s2s_1)
     1    0.00                           net7 (net)
                  0.04    0.00    4.14 v repeater476/A (sky130_fd_sc_hd__dlymetal6s2s_1)
                  0.10    0.20    4.34 v repeater476/X (sky130_fd_sc_hd__dlymetal6s2s_1)
     1    0.02                           net476 (net)
                  0.10    0.00    4.34 v repeater475/A (sky130_fd_sc_hd__clkbuf_4)
                  0.05    0.19    4.53 v repeater475/X (sky130_fd_sc_hd__clkbuf_4)
     1    0.02                           net475 (net)
                  0.05    0.00    4.54 v repeater474/A (sky130_fd_sc_hd__buf_4)
                  0.04    0.16    4.70 v repeater474/X (sky130_fd_sc_hd__buf_4)
     1    0.02                           net474 (net)
                  0.04    0.00    4.70 v repeater473/A (sky130_fd_sc_hd__buf_6)
                  0.03    0.13    4.83 v repeater473/X (sky130_fd_sc_hd__buf_6)
     1    0.02                           net473 (net)
                  0.03    0.00    4.83 v repeater472/A (sky130_fd_sc_hd__buf_6)
                  0.03    0.12    4.95 v repeater472/X (sky130_fd_sc_hd__buf_6)
     1    0.01                           net472 (net)
                  0.03    0.00    4.95 v repeater471/A (sky130_fd_sc_hd__buf_6)
                  0.05    0.14    5.09 v repeater471/X (sky130_fd_sc_hd__buf_6)
     1    0.04                           net471 (net)
                  0.05    0.01    5.09 v repeater470/A (sky130_fd_sc_hd__buf_4)
                  0.03    0.15    5.24 v repeater470/X (sky130_fd_sc_hd__buf_4)
     1    0.01                           net470 (net)
                  0.03    0.00    5.24 v repeater469/A (sky130_fd_sc_hd__buf_4)
                  0.04    0.15    5.39 v repeater469/X (sky130_fd_sc_hd__buf_4)
     2    0.02                           net469 (net)
                  0.04    0.00    5.40 v repeater468/A (sky130_fd_sc_hd__dlymetal6s2s_1)
                  0.09    0.19    5.59 v repeater468/X (sky130_fd_sc_hd__dlymetal6s2s_1)
     4    0.02                           net468 (net)
                  0.09    0.00    5.59 v _159_/A (sky130_fd_sc_hd__inv_2)
                  0.05    0.08    5.67 ^ _159_/Y (sky130_fd_sc_hd__inv_2)
     2    0.01                           _016_ (net)
                  0.05    0.00    5.67 ^ _160_/A (sky130_fd_sc_hd__clkbuf_4)
                  0.06    0.15    5.82 ^ _160_/X (sky130_fd_sc_hd__clkbuf_4)
     3    0.01                           _017_ (net)
                  0.06    0.00    5.82 ^ _164_/A (sky130_fd_sc_hd__dlymetal6s2s_1)
                  0.21    0.22    6.04 ^ _164_/X (sky130_fd_sc_hd__dlymetal6s2s_1)
     5    0.02                           _020_ (net)
                  0.21    0.00    6.04 ^ _205_/A (sky130_fd_sc_hd__dlymetal6s2s_1)
                  0.18    0.24    6.28 ^ _205_/X (sky130_fd_sc_hd__dlymetal6s2s_1)
     5    0.02                           _050_ (net)
                  0.18    0.00    6.28 ^ _208_/A1 (sky130_fd_sc_hd__o21a_1)
                  0.10    0.20    6.48 ^ _208_/X (sky130_fd_sc_hd__o21a_1)
     1    0.01                           _053_ (net)
                  0.10    0.00    6.48 ^ repeater390/A (sky130_fd_sc_hd__clkdlybuf4s15_2)
                  0.11    0.28    6.76 ^ repeater390/X (sky130_fd_sc_hd__clkdlybuf4s15_2)
     1    0.02                           net390 (net)
                  0.11    0.00    6.76 ^ _212_/B1 (sky130_fd_sc_hd__o22a_1)
                  0.08    0.18    6.94 ^ _212_/X (sky130_fd_sc_hd__o22a_1)
     1    0.01                           net107 (net)
                  0.08    0.00    6.94 ^ repeater288/A (sky130_fd_sc_hd__clkdlybuf4s15_2)
                  0.41    0.47    7.42 ^ repeater288/X (sky130_fd_sc_hd__clkdlybuf4s15_2)
     1    0.08                           net288 (net)
                  0.42    0.03    7.45 ^ repeater287/A (sky130_fd_sc_hd__buf_4)
                  0.04    0.20    7.66 ^ repeater287/X (sky130_fd_sc_hd__buf_4)
     1    0.01                           net287 (net)
                  0.04    0.00    7.66 ^ repeater286/A (sky130_fd_sc_hd__buf_6)
                  0.05    0.11    7.76 ^ repeater286/X (sky130_fd_sc_hd__buf_6)
     1    0.02                           net286 (net)
                  0.05    0.00    7.77 ^ repeater285/A (sky130_fd_sc_hd__buf_6)
                  0.05    0.11    7.88 ^ repeater285/X (sky130_fd_sc_hd__buf_6)
     1    0.02                           net285 (net)
                  0.05    0.00    7.88 ^ repeater284/A (sky130_fd_sc_hd__buf_6)
                  0.05    0.12    8.00 ^ repeater284/X (sky130_fd_sc_hd__buf_6)
     2    0.02                           net284 (net)
                  0.05    0.00    8.00 ^ _514_/A (sky130_fd_sc_hd__dlymetal6s2s_1)
                  0.06    0.11    8.11 ^ _514_/X (sky130_fd_sc_hd__dlymetal6s2s_1)
     1    0.00                           net144 (net)
                  0.06    0.00    8.11 ^ repeater178/A (sky130_fd_sc_hd__dlymetal6s2s_1)
                  0.21    0.22    8.33 ^ repeater178/X (sky130_fd_sc_hd__dlymetal6s2s_1)
     1    0.02                           net178 (net)
                  0.21    0.00    8.33 ^ repeater177/A (sky130_fd_sc_hd__clkbuf_4)
                  0.07    0.22    8.56 ^ repeater177/X (sky130_fd_sc_hd__clkbuf_4)
     1    0.02                           net177 (net)
                  0.07    0.00    8.56 ^ output144/A (sky130_fd_sc_hd__clkbuf_4)
                  0.12    0.21    8.77 ^ output144/X (sky130_fd_sc_hd__clkbuf_4)
     1    0.03                           wbs_dat_o[5] (net)
                  0.12    0.00    8.77 ^ wbs_dat_o[5] (out)
                                  8.77   data arrival time

                         20.00   20.00   clock wb_clk_i (rise edge)
                          0.00   20.00   clock network delay (propagated)
                         -0.25   19.75   clock uncertainty
                          0.00   19.75   clock reconvergence pessimism
                         -4.00   15.75   output external delay
                                 15.75   data required time
-----------------------------------------------------------------------------
                                 15.75   data required time
                                 -8.77   data arrival time
-----------------------------------------------------------------------------
                                  6.98   slack (MET)



===========================================================================
report_checks --slack_max -0.01
============================================================================
No paths found.
