
===========================================================================
report_checks -path_delay min (Hold)
============================================================================
Startpoint: la_data_in[65] (input port clocked by wb_clk_i)
Endpoint: _313_ (rising edge-triggered flip-flop clocked by wb_clk_i)
Path Group: wb_clk_i
Path Type: min

Fanout     Cap    Slew   Delay    Time   Description
-----------------------------------------------------------------------------
                          0.00    0.00   clock wb_clk_i (rise edge)
                          0.00    0.00   clock network delay (propagated)
                          4.00    4.00 ^ input external delay
                  0.04    0.02    4.02 ^ la_data_in[65] (in)
     1    0.01                           la_data_in[65] (net)
                  0.04    0.00    4.02 ^ input2/A (sky130_fd_sc_hd__buf_6)
                  0.05    0.10    4.12 ^ input2/X (sky130_fd_sc_hd__buf_6)
     1    0.02                           net2 (net)
                  0.05    0.00    4.12 ^ repeater1157/A (sky130_fd_sc_hd__clkbuf_4)
                  0.07    0.14    4.27 ^ repeater1157/X (sky130_fd_sc_hd__clkbuf_4)
     1    0.02                           net1157 (net)
                  0.07    0.00    4.27 ^ repeater1156/A (sky130_fd_sc_hd__buf_4)
                  0.07    0.13    4.40 ^ repeater1156/X (sky130_fd_sc_hd__buf_4)
     1    0.02                           net1156 (net)
                  0.07    0.00    4.40 ^ repeater1155/A (sky130_fd_sc_hd__buf_6)
                  0.05    0.11    4.51 ^ repeater1155/X (sky130_fd_sc_hd__buf_6)
     2    0.02                           net1155 (net)
                  0.05    0.00    4.51 ^ _311_/A0 (sky130_fd_sc_hd__mux2_2)
                  0.11    0.19    4.70 ^ _311_/X (sky130_fd_sc_hd__mux2_2)
     1    0.02                           _129_ (net)
                  0.11    0.00    4.71 ^ repeater424/A (sky130_fd_sc_hd__clkbuf_4)
                  0.06    0.16    4.87 ^ repeater424/X (sky130_fd_sc_hd__clkbuf_4)
     1    0.02                           net424 (net)
                  0.06    0.00    4.87 ^ repeater423/A (sky130_fd_sc_hd__buf_4)
                  0.03    0.10    4.97 ^ repeater423/X (sky130_fd_sc_hd__buf_4)
     1    0.01                           net423 (net)
                  0.03    0.00    4.97 ^ repeater422/A (sky130_fd_sc_hd__buf_6)
                  0.17    0.16    5.13 ^ repeater422/X (sky130_fd_sc_hd__buf_6)
     2    0.08                           net422 (net)
                  0.18    0.03    5.16 ^ repeater421/A (sky130_fd_sc_hd__buf_6)
                  0.04    0.13    5.29 ^ repeater421/X (sky130_fd_sc_hd__buf_6)
     1    0.02                           net421 (net)
                  0.04    0.00    5.29 ^ _312_/B (sky130_fd_sc_hd__nor2_1)
                  0.02    0.04    5.33 v _312_/Y (sky130_fd_sc_hd__nor2_1)
     1    0.00                           _008_ (net)
                  0.02    0.00    5.33 v repeater225/A (sky130_fd_sc_hd__dlymetal6s2s_1)
                  0.10    0.17    5.50 v repeater225/X (sky130_fd_sc_hd__dlymetal6s2s_1)
     1    0.02                           net225 (net)
                  0.10    0.00    5.50 v _313_/D (sky130_fd_sc_hd__dfxtp_1)
                                  5.50   data arrival time

                          0.00    0.00   clock wb_clk_i (rise edge)
                          0.00    0.00   clock source latency
                  0.03    0.02    0.02 ^ wb_clk_i (in)
     1    0.00                           wb_clk_i (net)
                  0.03    0.00    0.02 ^ _179_/A1 (sky130_fd_sc_hd__mux2_2)
                  0.16    0.24    0.26 ^ _179_/X (sky130_fd_sc_hd__mux2_2)
     2    0.03                           _030_ (net)
                  0.16    0.00    0.26 ^ repeater1/A (sky130_fd_sc_hd__buf_4)
                  0.09    0.19    0.45 ^ repeater1/X (sky130_fd_sc_hd__buf_4)
     2    0.03                           net2013 (net)
                  0.09    0.00    0.45 ^ _180_/A (sky130_fd_sc_hd__buf_1)
                  0.12    0.15    0.61 ^ _180_/X (sky130_fd_sc_hd__buf_1)
     1    0.01                           clk (net)
                  0.12    0.00    0.61 ^ repeater7/A (sky130_fd_sc_hd__buf_2)
                  0.14    0.21    0.82 ^ repeater7/X (sky130_fd_sc_hd__buf_2)
     2    0.03                           net2019 (net)
                  0.14    0.00    0.82 ^ repeater6/A (sky130_fd_sc_hd__buf_4)
                  0.07    0.17    0.99 ^ repeater6/X (sky130_fd_sc_hd__buf_4)
     1    0.02                           net2018 (net)
                  0.07    0.00    0.99 ^ repeater5/A (sky130_fd_sc_hd__buf_6)
                  0.20    0.20    1.20 ^ repeater5/X (sky130_fd_sc_hd__buf_6)
     2    0.10                           net2017 (net)
                  0.22    0.05    1.25 ^ repeater4/A (sky130_fd_sc_hd__clkbuf_16)
                  0.04    0.19    1.44 ^ repeater4/X (sky130_fd_sc_hd__clkbuf_16)
     1    0.02                           net2016 (net)
                  0.04    0.00    1.44 ^ repeater3/A (sky130_fd_sc_hd__buf_6)
                  0.06    0.12    1.56 ^ repeater3/X (sky130_fd_sc_hd__buf_6)
     1    0.03                           net2015 (net)
                  0.06    0.00    1.56 ^ repeater2/A (sky130_fd_sc_hd__buf_12)
                  0.05    0.12    1.68 ^ repeater2/X (sky130_fd_sc_hd__buf_12)
     1    0.03                           net2014 (net)
                  0.05    0.01    1.69 ^ clkbuf_0_clk/A (sky130_fd_sc_hd__clkbuf_16)
                  0.04    0.14    1.82 ^ clkbuf_0_clk/X (sky130_fd_sc_hd__clkbuf_16)
     2    0.02                           clknet_0_clk (net)
                  0.04    0.00    1.83 ^ clkbuf_1_0_0_clk/A (sky130_fd_sc_hd__clkbuf_8)
                  0.04    0.13    1.95 ^ clkbuf_1_0_0_clk/X (sky130_fd_sc_hd__clkbuf_8)
     1    0.01                           clknet_1_0_0_clk (net)
                  0.04    0.00    1.95 ^ clkbuf_1_0_1_clk/A (sky130_fd_sc_hd__clkbuf_8)
                  0.04    0.12    2.07 ^ clkbuf_1_0_1_clk/X (sky130_fd_sc_hd__clkbuf_8)
     1    0.01                           clknet_1_0_1_clk (net)
                  0.04    0.00    2.08 ^ clkbuf_1_0_2_clk/A (sky130_fd_sc_hd__clkbuf_8)
                  0.04    0.12    2.20 ^ clkbuf_1_0_2_clk/X (sky130_fd_sc_hd__clkbuf_8)
     1    0.01                           clknet_1_0_2_clk (net)
                  0.04    0.00    2.20 ^ clkbuf_1_0_3_clk/A (sky130_fd_sc_hd__clkbuf_8)
                  0.06    0.15    2.34 ^ clkbuf_1_0_3_clk/X (sky130_fd_sc_hd__clkbuf_8)
     5    0.03                           clknet_1_0_3_clk (net)
                  0.06    0.00    2.34 ^ repeater13/A (sky130_fd_sc_hd__clkbuf_2)
                  0.12    0.17    2.52 ^ repeater13/X (sky130_fd_sc_hd__clkbuf_2)
     1    0.02                           net2025 (net)
                  0.12    0.00    2.52 ^ repeater12/A (sky130_fd_sc_hd__buf_2)
                  0.11    0.19    2.71 ^ repeater12/X (sky130_fd_sc_hd__buf_2)
     3    0.02                           net2024 (net)
                  0.11    0.00    2.71 ^ _313_/CLK (sky130_fd_sc_hd__dfxtp_1)
                          0.25    2.96   clock uncertainty
                          0.00    2.96   clock reconvergence pessimism
                         -0.06    2.90   library hold time
                                  2.90   data required time
-----------------------------------------------------------------------------
                                  2.90   data required time
                                 -5.50   data arrival time
-----------------------------------------------------------------------------
                                  2.60   slack (MET)


Startpoint: _313_ (rising edge-triggered flip-flop clocked by wb_clk_i)
Endpoint: wbs_ack_o (output port clocked by wb_clk_i)
Path Group: wb_clk_i
Path Type: min

Fanout     Cap    Slew   Delay    Time   Description
-----------------------------------------------------------------------------
                          0.00    0.00   clock wb_clk_i (rise edge)
                          0.00    0.00   clock source latency
                  0.03    0.01    0.01 ^ wb_clk_i (in)
     1    0.00                           wb_clk_i (net)
                  0.03    0.00    0.01 ^ _179_/A1 (sky130_fd_sc_hd__mux2_2)
                  0.16    0.22    0.23 ^ _179_/X (sky130_fd_sc_hd__mux2_2)
     2    0.03                           _030_ (net)
                  0.16    0.00    0.24 ^ repeater1/A (sky130_fd_sc_hd__buf_4)
                  0.09    0.17    0.41 ^ repeater1/X (sky130_fd_sc_hd__buf_4)
     2    0.03                           net2013 (net)
                  0.09    0.00    0.41 ^ _180_/A (sky130_fd_sc_hd__buf_1)
                  0.12    0.14    0.55 ^ _180_/X (sky130_fd_sc_hd__buf_1)
     1    0.01                           clk (net)
                  0.12    0.00    0.55 ^ repeater7/A (sky130_fd_sc_hd__buf_2)
                  0.14    0.19    0.74 ^ repeater7/X (sky130_fd_sc_hd__buf_2)
     2    0.03                           net2019 (net)
                  0.14    0.00    0.74 ^ repeater6/A (sky130_fd_sc_hd__buf_4)
                  0.07    0.15    0.90 ^ repeater6/X (sky130_fd_sc_hd__buf_4)
     1    0.02                           net2018 (net)
                  0.07    0.00    0.90 ^ repeater5/A (sky130_fd_sc_hd__buf_6)
                  0.20    0.18    1.08 ^ repeater5/X (sky130_fd_sc_hd__buf_6)
     2    0.10                           net2017 (net)
                  0.22    0.05    1.13 ^ repeater4/A (sky130_fd_sc_hd__clkbuf_16)
                  0.04    0.17    1.30 ^ repeater4/X (sky130_fd_sc_hd__clkbuf_16)
     1    0.02                           net2016 (net)
                  0.04    0.00    1.30 ^ repeater3/A (sky130_fd_sc_hd__buf_6)
                  0.06    0.11    1.41 ^ repeater3/X (sky130_fd_sc_hd__buf_6)
     1    0.03                           net2015 (net)
                  0.06    0.00    1.42 ^ repeater2/A (sky130_fd_sc_hd__buf_12)
                  0.05    0.11    1.52 ^ repeater2/X (sky130_fd_sc_hd__buf_12)
     1    0.03                           net2014 (net)
                  0.05    0.01    1.53 ^ clkbuf_0_clk/A (sky130_fd_sc_hd__clkbuf_16)
                  0.04    0.12    1.65 ^ clkbuf_0_clk/X (sky130_fd_sc_hd__clkbuf_16)
     2    0.02                           clknet_0_clk (net)
                  0.04    0.00    1.65 ^ clkbuf_1_0_0_clk/A (sky130_fd_sc_hd__clkbuf_8)
                  0.04    0.11    1.76 ^ clkbuf_1_0_0_clk/X (sky130_fd_sc_hd__clkbuf_8)
     1    0.01                           clknet_1_0_0_clk (net)
                  0.04    0.00    1.77 ^ clkbuf_1_0_1_clk/A (sky130_fd_sc_hd__clkbuf_8)
                  0.04    0.11    1.88 ^ clkbuf_1_0_1_clk/X (sky130_fd_sc_hd__clkbuf_8)
     1    0.01                           clknet_1_0_1_clk (net)
                  0.04    0.00    1.88 ^ clkbuf_1_0_2_clk/A (sky130_fd_sc_hd__clkbuf_8)
                  0.04    0.11    1.99 ^ clkbuf_1_0_2_clk/X (sky130_fd_sc_hd__clkbuf_8)
     1    0.01                           clknet_1_0_2_clk (net)
                  0.04    0.00    1.99 ^ clkbuf_1_0_3_clk/A (sky130_fd_sc_hd__clkbuf_8)
                  0.06    0.13    2.12 ^ clkbuf_1_0_3_clk/X (sky130_fd_sc_hd__clkbuf_8)
     5    0.03                           clknet_1_0_3_clk (net)
                  0.06    0.00    2.12 ^ repeater13/A (sky130_fd_sc_hd__clkbuf_2)
                  0.12    0.16    2.28 ^ repeater13/X (sky130_fd_sc_hd__clkbuf_2)
     1    0.02                           net2025 (net)
                  0.12    0.00    2.28 ^ repeater12/A (sky130_fd_sc_hd__buf_2)
                  0.11    0.18    2.45 ^ repeater12/X (sky130_fd_sc_hd__buf_2)
     3    0.02                           net2024 (net)
                  0.11    0.00    2.46 ^ _313_/CLK (sky130_fd_sc_hd__dfxtp_1)
                  0.07    0.33    2.78 ^ _313_/Q (sky130_fd_sc_hd__dfxtp_1)
     1    0.01                           net116 (net)
                  0.07    0.00    2.78 ^ repeater414/A (sky130_fd_sc_hd__dlymetal6s2s_1)
                  0.14    0.16    2.94 ^ repeater414/X (sky130_fd_sc_hd__dlymetal6s2s_1)
     1    0.01                           net414 (net)
                  0.14    0.00    2.94 ^ repeater413/A (sky130_fd_sc_hd__clkbuf_4)
                  0.12    0.21    3.16 ^ repeater413/X (sky130_fd_sc_hd__clkbuf_4)
     1    0.04                           net413 (net)
                  0.13    0.01    3.17 ^ repeater412/A (sky130_fd_sc_hd__buf_4)
                  0.05    0.14    3.30 ^ repeater412/X (sky130_fd_sc_hd__buf_4)
     1    0.01                           net412 (net)
                  0.05    0.00    3.30 ^ repeater411/A (sky130_fd_sc_hd__buf_6)
                  0.04    0.10    3.40 ^ repeater411/X (sky130_fd_sc_hd__buf_6)
     1    0.02                           net411 (net)
                  0.04    0.00    3.40 ^ repeater410/A (sky130_fd_sc_hd__buf_6)
                  0.05    0.10    3.50 ^ repeater410/X (sky130_fd_sc_hd__buf_6)
     1    0.02                           net410 (net)
                  0.05    0.00    3.50 ^ repeater409/A (sky130_fd_sc_hd__buf_6)
                  0.05    0.10    3.60 ^ repeater409/X (sky130_fd_sc_hd__buf_6)
     1    0.02                           net409 (net)
                  0.05    0.00    3.60 ^ repeater408/A (sky130_fd_sc_hd__buf_4)
                  0.06    0.12    3.73 ^ repeater408/X (sky130_fd_sc_hd__buf_4)
     1    0.02                           net408 (net)
                  0.06    0.00    3.73 ^ repeater407/A (sky130_fd_sc_hd__buf_4)
                  0.06    0.13    3.85 ^ repeater407/X (sky130_fd_sc_hd__buf_4)
     1    0.02                           net407 (net)
                  0.06    0.00    3.85 ^ repeater406/A (sky130_fd_sc_hd__buf_4)
                  0.07    0.13    3.98 ^ repeater406/X (sky130_fd_sc_hd__buf_4)
     3    0.02                           net406 (net)
                  0.07    0.00    3.99 ^ output116/A (sky130_fd_sc_hd__clkbuf_4)
                  0.12    0.19    4.17 ^ output116/X (sky130_fd_sc_hd__clkbuf_4)
     1    0.03                           wbs_ack_o (net)
                  0.12    0.00    4.18 ^ wbs_ack_o (out)
                                  4.18   data arrival time

                          0.00    0.00   clock wb_clk_i (rise edge)
                          0.00    0.00   clock network delay (propagated)
                          0.25    0.25   clock uncertainty
                          0.00    0.25   clock reconvergence pessimism
                         -4.00   -3.75   output external delay
                                 -3.75   data required time
-----------------------------------------------------------------------------
                                 -3.75   data required time
                                 -4.18   data arrival time
-----------------------------------------------------------------------------
                                  7.93   slack (MET)


Startpoint: wbs_dat_i[10] (input port clocked by wb_clk_i)
Endpoint: la_data_out[42] (output port clocked by wb_clk_i)
Path Group: wb_clk_i
Path Type: min

Fanout     Cap    Slew   Delay    Time   Description
-----------------------------------------------------------------------------
                          0.00    0.00   clock wb_clk_i (rise edge)
                          0.00    0.00   clock network delay (propagated)
                          4.00    4.00 ^ input external delay
                  0.03    0.02    4.02 ^ wbs_dat_i[10] (in)
     1    0.00                           wbs_dat_i[10] (net)
                  0.03    0.00    4.02 ^ input19/A (sky130_fd_sc_hd__buf_4)
                  0.06    0.11    4.13 ^ input19/X (sky130_fd_sc_hd__buf_4)
     2    0.02                           net19 (net)
                  0.06    0.00    4.13 ^ repeater1178/A (sky130_fd_sc_hd__clkbuf_4)
                  0.07    0.15    4.29 ^ repeater1178/X (sky130_fd_sc_hd__clkbuf_4)
     1    0.02                           net1178 (net)
                  0.07    0.00    4.29 ^ repeater1177/A (sky130_fd_sc_hd__buf_4)
                  0.07    0.14    4.43 ^ repeater1177/X (sky130_fd_sc_hd__buf_4)
     1    0.02                           net1177 (net)
                  0.07    0.00    4.43 ^ repeater1176/A (sky130_fd_sc_hd__buf_6)
                  0.05    0.11    4.54 ^ repeater1176/X (sky130_fd_sc_hd__buf_6)
     1    0.02                           net1176 (net)
                  0.05    0.00    4.54 ^ repeater1175/A (sky130_fd_sc_hd__buf_6)
                  0.05    0.11    4.65 ^ repeater1175/X (sky130_fd_sc_hd__buf_6)
     1    0.02                           net1175 (net)
                  0.05    0.00    4.65 ^ repeater1174/A (sky130_fd_sc_hd__buf_6)
                  0.05    0.10    4.75 ^ repeater1174/X (sky130_fd_sc_hd__buf_6)
     1    0.02                           net1174 (net)
                  0.05    0.00    4.75 ^ repeater1173/A (sky130_fd_sc_hd__buf_4)
                  0.07    0.12    4.88 ^ repeater1173/X (sky130_fd_sc_hd__buf_4)
     2    0.02                           net1173 (net)
                  0.07    0.00    4.88 ^ _487_/A (sky130_fd_sc_hd__dlymetal6s2s_1)
                  0.07    0.11    4.98 ^ _487_/X (sky130_fd_sc_hd__dlymetal6s2s_1)
     1    0.00                           net88 (net)
                  0.07    0.00    4.98 ^ output88/A (sky130_fd_sc_hd__clkbuf_4)
                  0.12    0.19    5.17 ^ output88/X (sky130_fd_sc_hd__clkbuf_4)
     1    0.03                           la_data_out[42] (net)
                  0.12    0.00    5.17 ^ la_data_out[42] (out)
                                  5.17   data arrival time

                          0.00    0.00   clock wb_clk_i (rise edge)
                          0.00    0.00   clock network delay (propagated)
                          0.25    0.25   clock uncertainty
                          0.00    0.25   clock reconvergence pessimism
                         -4.00   -3.75   output external delay
                                 -3.75   data required time
-----------------------------------------------------------------------------
                                 -3.75   data required time
                                 -5.17   data arrival time
-----------------------------------------------------------------------------
                                  8.92   slack (MET)


Startpoint: wbs_dat_i[26] (input port clocked by wb_clk_i)
Endpoint: la_data_out[58] (output port clocked by wb_clk_i)
Path Group: wb_clk_i
Path Type: min

Fanout     Cap    Slew   Delay    Time   Description
-----------------------------------------------------------------------------
                          0.00    0.00   clock wb_clk_i (rise edge)
                          0.00    0.00   clock network delay (propagated)
                          4.00    4.00 ^ input external delay
                  0.03    0.02    4.02 ^ wbs_dat_i[26] (in)
     1    0.01                           wbs_dat_i[26] (net)
                  0.03    0.00    4.02 ^ input36/A (sky130_fd_sc_hd__buf_4)
                  0.07    0.12    4.14 ^ input36/X (sky130_fd_sc_hd__buf_4)
     2    0.02                           net36 (net)
                  0.07    0.00    4.14 ^ repeater815/A (sky130_fd_sc_hd__clkbuf_4)
                  0.07    0.15    4.29 ^ repeater815/X (sky130_fd_sc_hd__clkbuf_4)
     1    0.02                           net815 (net)
                  0.07    0.00    4.30 ^ repeater814/A (sky130_fd_sc_hd__buf_4)
                  0.07    0.13    4.43 ^ repeater814/X (sky130_fd_sc_hd__buf_4)
     1    0.02                           net814 (net)
                  0.07    0.00    4.43 ^ repeater813/A (sky130_fd_sc_hd__buf_6)
                  0.05    0.11    4.54 ^ repeater813/X (sky130_fd_sc_hd__buf_6)
     1    0.02                           net813 (net)
                  0.05    0.00    4.54 ^ repeater812/A (sky130_fd_sc_hd__buf_6)
                  0.05    0.11    4.65 ^ repeater812/X (sky130_fd_sc_hd__buf_6)
     1    0.02                           net812 (net)
                  0.05    0.00    4.65 ^ repeater811/A (sky130_fd_sc_hd__buf_6)
                  0.05    0.10    4.75 ^ repeater811/X (sky130_fd_sc_hd__buf_6)
     1    0.02                           net811 (net)
                  0.05    0.00    4.76 ^ repeater810/A (sky130_fd_sc_hd__buf_4)
                  0.06    0.12    4.88 ^ repeater810/X (sky130_fd_sc_hd__buf_4)
     2    0.02                           net810 (net)
                  0.07    0.00    4.88 ^ _503_/A (sky130_fd_sc_hd__dlymetal6s2s_1)
                  0.07    0.11    4.99 ^ _503_/X (sky130_fd_sc_hd__dlymetal6s2s_1)
     1    0.00                           net105 (net)
                  0.07    0.00    4.99 ^ output105/A (sky130_fd_sc_hd__clkbuf_4)
                  0.12    0.19    5.17 ^ output105/X (sky130_fd_sc_hd__clkbuf_4)
     1    0.03                           la_data_out[58] (net)
                  0.12    0.00    5.17 ^ la_data_out[58] (out)
                                  5.17   data arrival time

                          0.00    0.00   clock wb_clk_i (rise edge)
                          0.00    0.00   clock network delay (propagated)
                          0.25    0.25   clock uncertainty
                          0.00    0.25   clock reconvergence pessimism
                         -4.00   -3.75   output external delay
                                 -3.75   data required time
-----------------------------------------------------------------------------
                                 -3.75   data required time
                                 -5.17   data arrival time
-----------------------------------------------------------------------------
                                  8.92   slack (MET)


Startpoint: wbs_dat_i[11] (input port clocked by wb_clk_i)
Endpoint: la_data_out[43] (output port clocked by wb_clk_i)
Path Group: wb_clk_i
Path Type: min

Fanout     Cap    Slew   Delay    Time   Description
-----------------------------------------------------------------------------
                          0.00    0.00   clock wb_clk_i (rise edge)
                          0.00    0.00   clock network delay (propagated)
                          4.00    4.00 ^ input external delay
                  0.03    0.02    4.02 ^ wbs_dat_i[11] (in)
     1    0.01                           wbs_dat_i[11] (net)
                  0.03    0.00    4.02 ^ input20/A (sky130_fd_sc_hd__buf_4)
                  0.06    0.11    4.13 ^ input20/X (sky130_fd_sc_hd__buf_4)
     2    0.02                           net20 (net)
                  0.06    0.00    4.13 ^ repeater1154/A (sky130_fd_sc_hd__clkdlybuf4s15_2)
                  0.11    0.24    4.37 ^ repeater1154/X (sky130_fd_sc_hd__clkdlybuf4s15_2)
     1    0.02                           net1154 (net)
                  0.11    0.00    4.37 ^ repeater1153/A (sky130_fd_sc_hd__buf_4)
                  0.07    0.15    4.52 ^ repeater1153/X (sky130_fd_sc_hd__buf_4)
     1    0.02                           net1153 (net)
                  0.07    0.00    4.53 ^ repeater1152/A (sky130_fd_sc_hd__buf_6)
                  0.05    0.11    4.64 ^ repeater1152/X (sky130_fd_sc_hd__buf_6)
     1    0.02                           net1152 (net)
                  0.05    0.00    4.64 ^ repeater1151/A (sky130_fd_sc_hd__buf_6)
                  0.06    0.11    4.75 ^ repeater1151/X (sky130_fd_sc_hd__buf_6)
     1    0.02                           net1151 (net)
                  0.06    0.00    4.75 ^ repeater1150/A (sky130_fd_sc_hd__buf_6)
                  0.05    0.10    4.85 ^ repeater1150/X (sky130_fd_sc_hd__buf_6)
     1    0.02                           net1150 (net)
                  0.05    0.00    4.85 ^ repeater1149/A (sky130_fd_sc_hd__buf_4)
                  0.07    0.12    4.98 ^ repeater1149/X (sky130_fd_sc_hd__buf_4)
     2    0.02                           net1149 (net)
                  0.07    0.00    4.98 ^ _488_/A (sky130_fd_sc_hd__dlymetal6s2s_1)
                  0.06    0.10    5.08 ^ _488_/X (sky130_fd_sc_hd__dlymetal6s2s_1)
     1    0.00                           net89 (net)
                  0.06    0.00    5.08 ^ output89/A (sky130_fd_sc_hd__clkbuf_4)
                  0.12    0.19    5.27 ^ output89/X (sky130_fd_sc_hd__clkbuf_4)
     1    0.03                           la_data_out[43] (net)
                  0.12    0.00    5.27 ^ la_data_out[43] (out)
                                  5.27   data arrival time

                          0.00    0.00   clock wb_clk_i (rise edge)
                          0.00    0.00   clock network delay (propagated)
                          0.25    0.25   clock uncertainty
                          0.00    0.25   clock reconvergence pessimism
                         -4.00   -3.75   output external delay
                                 -3.75   data required time
-----------------------------------------------------------------------------
                                 -3.75   data required time
                                 -5.27   data arrival time
-----------------------------------------------------------------------------
                                  9.02   slack (MET)


