
===========================================================================
report_checks -unconstrained
============================================================================

======================= Slowest Corner ===================================

Startpoint: wbs_adr_i[11] (input port clocked by wb_clk_i)
Endpoint: wbs_dat_o[19] (output port clocked by wb_clk_i)
Path Group: wb_clk_i
Path Type: max
Corner: ss

Fanout     Cap    Slew   Delay    Time   Description
-----------------------------------------------------------------------------
                          0.00    0.00   clock wb_clk_i (rise edge)
                          0.00    0.00   clock network delay (propagated)
                          4.00    4.00 v input external delay
                  0.02    0.01    4.01 v wbs_adr_i[11] (in)
     1    0.00                           wbs_adr_i[11] (net)
                  0.02    0.00    4.01 v input7/A (sky130_fd_sc_hd__dlymetal6s2s_1)
                  0.08    0.27    4.28 v input7/X (sky130_fd_sc_hd__dlymetal6s2s_1)
     1    0.00                           net7 (net)
                  0.08    0.00    4.28 v repeater562/A (sky130_fd_sc_hd__dlymetal6s2s_1)
                  0.19    0.41    4.69 v repeater562/X (sky130_fd_sc_hd__dlymetal6s2s_1)
     1    0.02                           net562 (net)
                  0.19    0.00    4.69 v repeater561/A (sky130_fd_sc_hd__clkbuf_4)
                  0.09    0.35    5.04 v repeater561/X (sky130_fd_sc_hd__clkbuf_4)
     1    0.02                           net561 (net)
                  0.09    0.00    5.04 v repeater560/A (sky130_fd_sc_hd__buf_4)
                  0.08    0.30    5.34 v repeater560/X (sky130_fd_sc_hd__buf_4)
     1    0.02                           net560 (net)
                  0.08    0.00    5.35 v repeater559/A (sky130_fd_sc_hd__buf_6)
                  0.06    0.24    5.59 v repeater559/X (sky130_fd_sc_hd__buf_6)
     1    0.02                           net559 (net)
                  0.06    0.00    5.59 v repeater558/A (sky130_fd_sc_hd__buf_6)
                  0.05    0.22    5.81 v repeater558/X (sky130_fd_sc_hd__buf_6)
     1    0.01                           net558 (net)
                  0.05    0.00    5.81 v repeater557/A (sky130_fd_sc_hd__buf_6)
                  0.05    0.21    6.02 v repeater557/X (sky130_fd_sc_hd__buf_6)
     1    0.01                           net557 (net)
                  0.05    0.00    6.02 v repeater556/A (sky130_fd_sc_hd__buf_4)
                  0.12    0.32    6.34 v repeater556/X (sky130_fd_sc_hd__buf_4)
     1    0.04                           net556 (net)
                  0.12    0.01    6.35 v repeater555/A (sky130_fd_sc_hd__buf_4)
                  0.06    0.29    6.64 v repeater555/X (sky130_fd_sc_hd__buf_4)
     2    0.01                           net555 (net)
                  0.06    0.00    6.64 v repeater554/A (sky130_fd_sc_hd__dlymetal6s2s_1)
                  0.18    0.39    7.03 v repeater554/X (sky130_fd_sc_hd__dlymetal6s2s_1)
     4    0.02                           net554 (net)
                  0.18    0.00    7.03 v _159_/A (sky130_fd_sc_hd__inv_2)
                  0.08    0.14    7.17 ^ _159_/Y (sky130_fd_sc_hd__inv_2)
     2    0.01                           _016_ (net)
                  0.08    0.00    7.17 ^ _160_/A (sky130_fd_sc_hd__buf_6)
                  0.05    0.17    7.35 ^ _160_/X (sky130_fd_sc_hd__buf_6)
     1    0.01                           _017_ (net)
                  0.05    0.00    7.35 ^ repeater506/A (sky130_fd_sc_hd__clkdlybuf4s15_2)
                  0.18    0.46    7.81 ^ repeater506/X (sky130_fd_sc_hd__clkdlybuf4s15_2)
     2    0.02                           net506 (net)
                  0.18    0.00    7.81 ^ repeater505/A (sky130_fd_sc_hd__clkbuf_4)
                  0.08    0.31    8.12 ^ repeater505/X (sky130_fd_sc_hd__clkbuf_4)
     2    0.01                           net505 (net)
                  0.08    0.00    8.12 ^ repeater504/A (sky130_fd_sc_hd__clkbuf_4)
                  0.39    0.49    8.61 ^ repeater504/X (sky130_fd_sc_hd__clkbuf_4)
     1    0.08                           net504 (net)
                  0.40    0.04    8.65 ^ repeater503/A (sky130_fd_sc_hd__buf_4)
                  0.08    0.37    9.02 ^ repeater503/X (sky130_fd_sc_hd__buf_4)
     3    0.01                           net503 (net)
                  0.08    0.00    9.02 ^ _260_/A (sky130_fd_sc_hd__dlymetal6s2s_1)
                  0.29    0.34    9.36 ^ _260_/X (sky130_fd_sc_hd__dlymetal6s2s_1)
     5    0.02                           _092_ (net)
                  0.29    0.00    9.36 ^ _264_/A1 (sky130_fd_sc_hd__a22o_1)
                  0.08    0.36    9.72 ^ _264_/X (sky130_fd_sc_hd__a22o_1)
     1    0.00                           _095_ (net)
                  0.08    0.00    9.72 ^ repeater431/A (sky130_fd_sc_hd__clkdlybuf4s15_2)
                  0.79    0.90   10.62 ^ repeater431/X (sky130_fd_sc_hd__clkdlybuf4s15_2)
     2    0.09                           net431 (net)
                  0.80    0.05   10.67 ^ repeater430/A (sky130_fd_sc_hd__buf_4)
                  0.08    0.49   11.17 ^ repeater430/X (sky130_fd_sc_hd__buf_4)
     1    0.01                           net430 (net)
                  0.08    0.00   11.17 ^ repeater429/A (sky130_fd_sc_hd__buf_4)
                  0.10    0.24   11.41 ^ repeater429/X (sky130_fd_sc_hd__buf_4)
     1    0.02                           net429 (net)
                  0.10    0.00   11.41 ^ _265_/B2 (sky130_fd_sc_hd__o22a_1)
                  0.07    0.23   11.64 ^ _265_/X (sky130_fd_sc_hd__o22a_1)
     1    0.00                           net62 (net)
                  0.07    0.00   11.64 ^ repeater208/A (sky130_fd_sc_hd__dlymetal6s2s_1)
                  1.48    1.20   12.84 ^ repeater208/X (sky130_fd_sc_hd__dlymetal6s2s_1)
     9    0.10                           net208 (net)
                  1.48    0.05   12.89 ^ repeater207/A (sky130_fd_sc_hd__clkbuf_4)
                  0.08    0.73   13.62 ^ repeater207/X (sky130_fd_sc_hd__clkbuf_4)
     1    0.00                           net207 (net)
                  0.08    0.00   13.62 ^ repeater206/A (sky130_fd_sc_hd__buf_4)
                  0.10    0.25   13.87 ^ repeater206/X (sky130_fd_sc_hd__buf_4)
     1    0.02                           net206 (net)
                  0.10    0.00   13.87 ^ repeater205/A (sky130_fd_sc_hd__buf_6)
                  0.08    0.21   14.08 ^ repeater205/X (sky130_fd_sc_hd__buf_6)
     1    0.02                           net205 (net)
                  0.08    0.00   14.09 ^ repeater204/A (sky130_fd_sc_hd__buf_6)
                  0.09    0.21   14.30 ^ repeater204/X (sky130_fd_sc_hd__buf_6)
     3    0.02                           net204 (net)
                  0.09    0.00   14.30 ^ _528_/A (sky130_fd_sc_hd__dlymetal6s2s_1)
                  0.11    0.21   14.50 ^ _528_/X (sky130_fd_sc_hd__dlymetal6s2s_1)
     1    0.00                           net127 (net)
                  0.11    0.00   14.50 ^ repeater150/A (sky130_fd_sc_hd__dlymetal6s2s_1)
                  0.32    0.38   14.88 ^ repeater150/X (sky130_fd_sc_hd__dlymetal6s2s_1)
     1    0.02                           net150 (net)
                  0.32    0.00   14.89 ^ repeater149/A (sky130_fd_sc_hd__clkbuf_4)
                  0.12    0.41   15.30 ^ repeater149/X (sky130_fd_sc_hd__clkbuf_4)
     1    0.02                           net149 (net)
                  0.12    0.00   15.30 ^ output127/A (sky130_fd_sc_hd__clkbuf_4)
                  0.18    0.37   15.67 ^ output127/X (sky130_fd_sc_hd__clkbuf_4)
     1    0.03                           wbs_dat_o[19] (net)
                  0.18    0.00   15.67 ^ wbs_dat_o[19] (out)
                                 15.67   data arrival time

                         20.00   20.00   clock wb_clk_i (rise edge)
                          0.00   20.00   clock network delay (propagated)
                         -0.25   19.75   clock uncertainty
                          0.00   19.75   clock reconvergence pessimism
                         -4.00   15.75   output external delay
                                 15.75   data required time
-----------------------------------------------------------------------------
                                 15.75   data required time
                                -15.67   data arrival time
-----------------------------------------------------------------------------
                                  0.08   slack (MET)



======================= Typical Corner ===================================

Startpoint: wbs_adr_i[11] (input port clocked by wb_clk_i)
Endpoint: wbs_dat_o[19] (output port clocked by wb_clk_i)
Path Group: wb_clk_i
Path Type: max
Corner: tt

Fanout     Cap    Slew   Delay    Time   Description
-----------------------------------------------------------------------------
                          0.00    0.00   clock wb_clk_i (rise edge)
                          0.00    0.00   clock network delay (propagated)
                          4.00    4.00 v input external delay
                  0.01    0.00    4.00 v wbs_adr_i[11] (in)
     1    0.00                           wbs_adr_i[11] (net)
                  0.01    0.00    4.00 v input7/A (sky130_fd_sc_hd__dlymetal6s2s_1)
                  0.04    0.13    4.13 v input7/X (sky130_fd_sc_hd__dlymetal6s2s_1)
     1    0.00                           net7 (net)
                  0.04    0.00    4.13 v repeater562/A (sky130_fd_sc_hd__dlymetal6s2s_1)
                  0.10    0.20    4.33 v repeater562/X (sky130_fd_sc_hd__dlymetal6s2s_1)
     1    0.02                           net562 (net)
                  0.10    0.00    4.33 v repeater561/A (sky130_fd_sc_hd__clkbuf_4)
                  0.05    0.19    4.52 v repeater561/X (sky130_fd_sc_hd__clkbuf_4)
     1    0.02                           net561 (net)
                  0.05    0.00    4.52 v repeater560/A (sky130_fd_sc_hd__buf_4)
                  0.04    0.16    4.69 v repeater560/X (sky130_fd_sc_hd__buf_4)
     1    0.02                           net560 (net)
                  0.04    0.00    4.69 v repeater559/A (sky130_fd_sc_hd__buf_6)
                  0.03    0.13    4.82 v repeater559/X (sky130_fd_sc_hd__buf_6)
     1    0.02                           net559 (net)
                  0.03    0.00    4.82 v repeater558/A (sky130_fd_sc_hd__buf_6)
                  0.03    0.12    4.94 v repeater558/X (sky130_fd_sc_hd__buf_6)
     1    0.01                           net558 (net)
                  0.03    0.00    4.94 v repeater557/A (sky130_fd_sc_hd__buf_6)
                  0.03    0.11    5.06 v repeater557/X (sky130_fd_sc_hd__buf_6)
     1    0.01                           net557 (net)
                  0.03    0.00    5.06 v repeater556/A (sky130_fd_sc_hd__buf_4)
                  0.07    0.17    5.23 v repeater556/X (sky130_fd_sc_hd__buf_4)
     1    0.04                           net556 (net)
                  0.07    0.01    5.24 v repeater555/A (sky130_fd_sc_hd__buf_4)
                  0.04    0.16    5.40 v repeater555/X (sky130_fd_sc_hd__buf_4)
     2    0.01                           net555 (net)
                  0.04    0.00    5.40 v repeater554/A (sky130_fd_sc_hd__dlymetal6s2s_1)
                  0.09    0.19    5.59 v repeater554/X (sky130_fd_sc_hd__dlymetal6s2s_1)
     4    0.02                           net554 (net)
                  0.09    0.00    5.59 v _159_/A (sky130_fd_sc_hd__inv_2)
                  0.05    0.08    5.67 ^ _159_/Y (sky130_fd_sc_hd__inv_2)
     2    0.01                           _016_ (net)
                  0.05    0.00    5.67 ^ _160_/A (sky130_fd_sc_hd__buf_6)
                  0.03    0.09    5.76 ^ _160_/X (sky130_fd_sc_hd__buf_6)
     1    0.01                           _017_ (net)
                  0.03    0.00    5.76 ^ repeater506/A (sky130_fd_sc_hd__clkdlybuf4s15_2)
                  0.11    0.25    6.01 ^ repeater506/X (sky130_fd_sc_hd__clkdlybuf4s15_2)
     2    0.02                           net506 (net)
                  0.11    0.00    6.02 ^ repeater505/A (sky130_fd_sc_hd__clkbuf_4)
                  0.05    0.17    6.19 ^ repeater505/X (sky130_fd_sc_hd__clkbuf_4)
     2    0.01                           net505 (net)
                  0.05    0.00    6.19 ^ repeater504/A (sky130_fd_sc_hd__clkbuf_4)
                  0.25    0.28    6.46 ^ repeater504/X (sky130_fd_sc_hd__clkbuf_4)
     1    0.08                           net504 (net)
                  0.26    0.04    6.50 ^ repeater503/A (sky130_fd_sc_hd__buf_4)
                  0.05    0.19    6.69 ^ repeater503/X (sky130_fd_sc_hd__buf_4)
     3    0.01                           net503 (net)
                  0.05    0.00    6.69 ^ _260_/A (sky130_fd_sc_hd__dlymetal6s2s_1)
                  0.19    0.20    6.89 ^ _260_/X (sky130_fd_sc_hd__dlymetal6s2s_1)
     5    0.02                           _092_ (net)
                  0.19    0.00    6.89 ^ _264_/A1 (sky130_fd_sc_hd__a22o_1)
                  0.04    0.17    7.07 ^ _264_/X (sky130_fd_sc_hd__a22o_1)
     1    0.00                           _095_ (net)
                  0.04    0.00    7.07 ^ repeater431/A (sky130_fd_sc_hd__clkdlybuf4s15_2)
                  0.50    0.52    7.58 ^ repeater431/X (sky130_fd_sc_hd__clkdlybuf4s15_2)
     2    0.09                           net431 (net)
                  0.51    0.05    7.63 ^ repeater430/A (sky130_fd_sc_hd__buf_4)
                  0.05    0.22    7.85 ^ repeater430/X (sky130_fd_sc_hd__buf_4)
     1    0.01                           net430 (net)
                  0.05    0.00    7.85 ^ repeater429/A (sky130_fd_sc_hd__buf_4)
                  0.06    0.13    7.98 ^ repeater429/X (sky130_fd_sc_hd__buf_4)
     1    0.02                           net429 (net)
                  0.06    0.00    7.98 ^ _265_/B2 (sky130_fd_sc_hd__o22a_1)
                  0.04    0.11    8.10 ^ _265_/X (sky130_fd_sc_hd__o22a_1)
     1    0.00                           net62 (net)
                  0.04    0.00    8.10 ^ repeater208/A (sky130_fd_sc_hd__dlymetal6s2s_1)
                  0.96    0.74    8.84 ^ repeater208/X (sky130_fd_sc_hd__dlymetal6s2s_1)
     9    0.10                           net208 (net)
                  0.96    0.05    8.89 ^ repeater207/A (sky130_fd_sc_hd__clkbuf_4)
                  0.05    0.31    9.20 ^ repeater207/X (sky130_fd_sc_hd__clkbuf_4)
     1    0.00                           net207 (net)
                  0.05    0.00    9.20 ^ repeater206/A (sky130_fd_sc_hd__buf_4)
                  0.06    0.13    9.33 ^ repeater206/X (sky130_fd_sc_hd__buf_4)
     1    0.02                           net206 (net)
                  0.06    0.00    9.33 ^ repeater205/A (sky130_fd_sc_hd__buf_6)
                  0.05    0.12    9.45 ^ repeater205/X (sky130_fd_sc_hd__buf_6)
     1    0.02                           net205 (net)
                  0.05    0.00    9.45 ^ repeater204/A (sky130_fd_sc_hd__buf_6)
                  0.05    0.11    9.57 ^ repeater204/X (sky130_fd_sc_hd__buf_6)
     3    0.02                           net204 (net)
                  0.05    0.00    9.57 ^ _528_/A (sky130_fd_sc_hd__dlymetal6s2s_1)
                  0.07    0.12    9.68 ^ _528_/X (sky130_fd_sc_hd__dlymetal6s2s_1)
     1    0.00                           net127 (net)
                  0.07    0.00    9.69 ^ repeater150/A (sky130_fd_sc_hd__dlymetal6s2s_1)
                  0.21    0.23    9.91 ^ repeater150/X (sky130_fd_sc_hd__dlymetal6s2s_1)
     1    0.02                           net150 (net)
                  0.21    0.00    9.91 ^ repeater149/A (sky130_fd_sc_hd__clkbuf_4)
                  0.07    0.22   10.14 ^ repeater149/X (sky130_fd_sc_hd__clkbuf_4)
     1    0.02                           net149 (net)
                  0.07    0.00   10.14 ^ output127/A (sky130_fd_sc_hd__clkbuf_4)
                  0.11    0.21   10.35 ^ output127/X (sky130_fd_sc_hd__clkbuf_4)
     1    0.03                           wbs_dat_o[19] (net)
                  0.11    0.00   10.35 ^ wbs_dat_o[19] (out)
                                 10.35   data arrival time

                         20.00   20.00   clock wb_clk_i (rise edge)
                          0.00   20.00   clock network delay (propagated)
                         -0.25   19.75   clock uncertainty
                          0.00   19.75   clock reconvergence pessimism
                         -4.00   15.75   output external delay
                                 15.75   data required time
-----------------------------------------------------------------------------
                                 15.75   data required time
                                -10.35   data arrival time
-----------------------------------------------------------------------------
                                  5.40   slack (MET)



======================= Fastest Corner ===================================

Startpoint: wbs_adr_i[11] (input port clocked by wb_clk_i)
Endpoint: wbs_dat_o[19] (output port clocked by wb_clk_i)
Path Group: wb_clk_i
Path Type: max
Corner: ff

Fanout     Cap    Slew   Delay    Time   Description
-----------------------------------------------------------------------------
                          0.00    0.00   clock wb_clk_i (rise edge)
                          0.00    0.00   clock network delay (propagated)
                          4.00    4.00 v input external delay
                  0.00    0.00    4.00 v wbs_adr_i[11] (in)
     1    0.00                           wbs_adr_i[11] (net)
                  0.00    0.00    4.00 v input7/A (sky130_fd_sc_hd__dlymetal6s2s_1)
                  0.03    0.08    4.08 v input7/X (sky130_fd_sc_hd__dlymetal6s2s_1)
     1    0.00                           net7 (net)
                  0.03    0.00    4.08 v repeater562/A (sky130_fd_sc_hd__dlymetal6s2s_1)
                  0.07    0.13    4.21 v repeater562/X (sky130_fd_sc_hd__dlymetal6s2s_1)
     1    0.02                           net562 (net)
                  0.07    0.00    4.22 v repeater561/A (sky130_fd_sc_hd__clkbuf_4)
                  0.04    0.13    4.34 v repeater561/X (sky130_fd_sc_hd__clkbuf_4)
     1    0.02                           net561 (net)
                  0.04    0.00    4.34 v repeater560/A (sky130_fd_sc_hd__buf_4)
                  0.03    0.11    4.45 v repeater560/X (sky130_fd_sc_hd__buf_4)
     1    0.02                           net560 (net)
                  0.03    0.00    4.45 v repeater559/A (sky130_fd_sc_hd__buf_6)
                  0.02    0.09    4.54 v repeater559/X (sky130_fd_sc_hd__buf_6)
     1    0.02                           net559 (net)
                  0.02    0.00    4.54 v repeater558/A (sky130_fd_sc_hd__buf_6)
                  0.02    0.08    4.62 v repeater558/X (sky130_fd_sc_hd__buf_6)
     1    0.01                           net558 (net)
                  0.02    0.00    4.62 v repeater557/A (sky130_fd_sc_hd__buf_6)
                  0.02    0.07    4.70 v repeater557/X (sky130_fd_sc_hd__buf_6)
     1    0.01                           net557 (net)
                  0.02    0.00    4.70 v repeater556/A (sky130_fd_sc_hd__buf_4)
                  0.05    0.11    4.81 v repeater556/X (sky130_fd_sc_hd__buf_4)
     1    0.04                           net556 (net)
                  0.05    0.01    4.82 v repeater555/A (sky130_fd_sc_hd__buf_4)
                  0.03    0.11    4.93 v repeater555/X (sky130_fd_sc_hd__buf_4)
     2    0.01                           net555 (net)
                  0.03    0.00    4.93 v repeater554/A (sky130_fd_sc_hd__dlymetal6s2s_1)
                  0.06    0.12    5.05 v repeater554/X (sky130_fd_sc_hd__dlymetal6s2s_1)
     4    0.02                           net554 (net)
                  0.06    0.00    5.06 v _159_/A (sky130_fd_sc_hd__inv_2)
                  0.04    0.06    5.11 ^ _159_/Y (sky130_fd_sc_hd__inv_2)
     2    0.01                           _016_ (net)
                  0.04    0.00    5.11 ^ _160_/A (sky130_fd_sc_hd__buf_6)
                  0.02    0.06    5.17 ^ _160_/X (sky130_fd_sc_hd__buf_6)
     1    0.01                           _017_ (net)
                  0.02    0.00    5.17 ^ repeater506/A (sky130_fd_sc_hd__clkdlybuf4s15_2)
                  0.09    0.17    5.34 ^ repeater506/X (sky130_fd_sc_hd__clkdlybuf4s15_2)
     2    0.02                           net506 (net)
                  0.09    0.00    5.34 ^ repeater505/A (sky130_fd_sc_hd__clkbuf_4)
                  0.04    0.11    5.45 ^ repeater505/X (sky130_fd_sc_hd__clkbuf_4)
     2    0.01                           net505 (net)
                  0.04    0.00    5.46 ^ repeater504/A (sky130_fd_sc_hd__clkbuf_4)
                  0.19    0.19    5.65 ^ repeater504/X (sky130_fd_sc_hd__clkbuf_4)
     1    0.08                           net504 (net)
                  0.20    0.04    5.68 ^ repeater503/A (sky130_fd_sc_hd__buf_4)
                  0.04    0.11    5.79 ^ repeater503/X (sky130_fd_sc_hd__buf_4)
     3    0.01                           net503 (net)
                  0.04    0.00    5.79 ^ _260_/A (sky130_fd_sc_hd__dlymetal6s2s_1)
                  0.15    0.15    5.94 ^ _260_/X (sky130_fd_sc_hd__dlymetal6s2s_1)
     5    0.02                           _092_ (net)
                  0.15    0.00    5.94 ^ _264_/A1 (sky130_fd_sc_hd__a22o_1)
                  0.03    0.09    6.03 ^ _264_/X (sky130_fd_sc_hd__a22o_1)
     1    0.00                           _095_ (net)
                  0.03    0.00    6.03 ^ repeater431/A (sky130_fd_sc_hd__clkdlybuf4s15_2)
                  0.38    0.36    6.39 ^ repeater431/X (sky130_fd_sc_hd__clkdlybuf4s15_2)
     2    0.09                           net431 (net)
                  0.39    0.05    6.44 ^ repeater430/A (sky130_fd_sc_hd__buf_4)
                  0.04    0.11    6.55 ^ repeater430/X (sky130_fd_sc_hd__buf_4)
     1    0.01                           net430 (net)
                  0.04    0.00    6.55 ^ repeater429/A (sky130_fd_sc_hd__buf_4)
                  0.04    0.09    6.63 ^ repeater429/X (sky130_fd_sc_hd__buf_4)
     1    0.02                           net429 (net)
                  0.04    0.00    6.64 ^ _265_/B2 (sky130_fd_sc_hd__o22a_1)
                  0.03    0.06    6.70 ^ _265_/X (sky130_fd_sc_hd__o22a_1)
     1    0.00                           net62 (net)
                  0.03    0.00    6.70 ^ repeater208/A (sky130_fd_sc_hd__dlymetal6s2s_1)
                  0.73    0.55    7.24 ^ repeater208/X (sky130_fd_sc_hd__dlymetal6s2s_1)
     9    0.10                           net208 (net)
                  0.73    0.05    7.29 ^ repeater207/A (sky130_fd_sc_hd__clkbuf_4)
                  0.04    0.14    7.44 ^ repeater207/X (sky130_fd_sc_hd__clkbuf_4)
     1    0.00                           net207 (net)
                  0.04    0.00    7.44 ^ repeater206/A (sky130_fd_sc_hd__buf_4)
                  0.04    0.09    7.53 ^ repeater206/X (sky130_fd_sc_hd__buf_4)
     1    0.02                           net206 (net)
                  0.05    0.00    7.53 ^ repeater205/A (sky130_fd_sc_hd__buf_6)
                  0.04    0.08    7.61 ^ repeater205/X (sky130_fd_sc_hd__buf_6)
     1    0.02                           net205 (net)
                  0.04    0.00    7.61 ^ repeater204/A (sky130_fd_sc_hd__buf_6)
                  0.04    0.08    7.68 ^ repeater204/X (sky130_fd_sc_hd__buf_6)
     3    0.02                           net204 (net)
                  0.04    0.00    7.69 ^ _528_/A (sky130_fd_sc_hd__dlymetal6s2s_1)
                  0.06    0.08    7.77 ^ _528_/X (sky130_fd_sc_hd__dlymetal6s2s_1)
     1    0.00                           net127 (net)
                  0.06    0.00    7.77 ^ repeater150/A (sky130_fd_sc_hd__dlymetal6s2s_1)
                  0.16    0.16    7.93 ^ repeater150/X (sky130_fd_sc_hd__dlymetal6s2s_1)
     1    0.02                           net150 (net)
                  0.16    0.00    7.93 ^ repeater149/A (sky130_fd_sc_hd__clkbuf_4)
                  0.05    0.14    8.07 ^ repeater149/X (sky130_fd_sc_hd__clkbuf_4)
     1    0.02                           net149 (net)
                  0.06    0.00    8.08 ^ output127/A (sky130_fd_sc_hd__clkbuf_4)
                  0.08    0.14    8.22 ^ output127/X (sky130_fd_sc_hd__clkbuf_4)
     1    0.03                           wbs_dat_o[19] (net)
                  0.08    0.00    8.22 ^ wbs_dat_o[19] (out)
                                  8.22   data arrival time

                         20.00   20.00   clock wb_clk_i (rise edge)
                          0.00   20.00   clock network delay (propagated)
                         -0.25   19.75   clock uncertainty
                          0.00   19.75   clock reconvergence pessimism
                         -4.00   15.75   output external delay
                                 15.75   data required time
-----------------------------------------------------------------------------
                                 15.75   data required time
                                 -8.22   data arrival time
-----------------------------------------------------------------------------
                                  7.53   slack (MET)



===========================================================================
report_checks --slack_max -0.01
============================================================================

======================= Slowest Corner ===================================

No paths found.

======================= Typical Corner ===================================

No paths found.

======================= Fastest Corner ===================================

No paths found.
