
===========================================================================
report_checks -unconstrained
============================================================================

======================= Slowest Corner ===================================

Startpoint: wbs_adr_i[11] (input port clocked by wb_clk_i)
Endpoint: wbs_dat_o[5] (output port clocked by wb_clk_i)
Path Group: wb_clk_i
Path Type: max
Corner: ss

Fanout     Cap    Slew   Delay    Time   Description
-----------------------------------------------------------------------------
                          0.00    0.00   clock wb_clk_i (rise edge)
                          0.00    0.00   clock network delay (propagated)
                          4.00    4.00 v input external delay
                  0.02    0.01    4.01 v wbs_adr_i[11] (in)
     1    0.00                           wbs_adr_i[11] (net)
                  0.02    0.00    4.01 v input7/A (sky130_fd_sc_hd__dlymetal6s2s_1)
                  0.08    0.27    4.28 v input7/X (sky130_fd_sc_hd__dlymetal6s2s_1)
     1    0.00                           net7 (net)
                  0.08    0.00    4.28 v repeater476/A (sky130_fd_sc_hd__dlymetal6s2s_1)
                  0.19    0.41    4.69 v repeater476/X (sky130_fd_sc_hd__dlymetal6s2s_1)
     1    0.02                           net476 (net)
                  0.19    0.00    4.69 v repeater475/A (sky130_fd_sc_hd__clkbuf_4)
                  0.09    0.35    5.04 v repeater475/X (sky130_fd_sc_hd__clkbuf_4)
     1    0.02                           net475 (net)
                  0.09    0.00    5.04 v repeater474/A (sky130_fd_sc_hd__buf_4)
                  0.08    0.30    5.34 v repeater474/X (sky130_fd_sc_hd__buf_4)
     1    0.02                           net474 (net)
                  0.08    0.00    5.35 v repeater473/A (sky130_fd_sc_hd__buf_6)
                  0.05    0.23    5.58 v repeater473/X (sky130_fd_sc_hd__buf_6)
     1    0.02                           net473 (net)
                  0.05    0.00    5.58 v repeater472/A (sky130_fd_sc_hd__buf_6)
                  0.05    0.22    5.80 v repeater472/X (sky130_fd_sc_hd__buf_6)
     1    0.01                           net472 (net)
                  0.05    0.00    5.80 v repeater471/A (sky130_fd_sc_hd__buf_6)
                  0.09    0.25    6.06 v repeater471/X (sky130_fd_sc_hd__buf_6)
     2    0.04                           net471 (net)
                  0.09    0.01    6.07 v repeater470/A (sky130_fd_sc_hd__buf_4)
                  0.05    0.27    6.34 v repeater470/X (sky130_fd_sc_hd__buf_4)
     1    0.01                           net470 (net)
                  0.05    0.00    6.34 v repeater469/A (sky130_fd_sc_hd__buf_4)
                  0.07    0.27    6.61 v repeater469/X (sky130_fd_sc_hd__buf_4)
     2    0.02                           net469 (net)
                  0.07    0.00    6.61 v repeater468/A (sky130_fd_sc_hd__dlymetal6s2s_1)
                  0.17    0.39    7.00 v repeater468/X (sky130_fd_sc_hd__dlymetal6s2s_1)
     4    0.01                           net468 (net)
                  0.17    0.00    7.00 v _159_/A (sky130_fd_sc_hd__inv_2)
                  0.07    0.13    7.13 ^ _159_/Y (sky130_fd_sc_hd__inv_2)
     2    0.01                           _016_ (net)
                  0.07    0.00    7.13 ^ _160_/A (sky130_fd_sc_hd__clkbuf_4)
                  0.10    0.27    7.40 ^ _160_/X (sky130_fd_sc_hd__clkbuf_4)
     3    0.01                           _017_ (net)
                  0.10    0.00    7.40 ^ _164_/A (sky130_fd_sc_hd__dlymetal6s2s_1)
                  0.31    0.37    7.76 ^ _164_/X (sky130_fd_sc_hd__dlymetal6s2s_1)
     5    0.02                           _020_ (net)
                  0.31    0.00    7.77 ^ _205_/A (sky130_fd_sc_hd__dlymetal6s2s_1)
                  0.25    0.41    8.17 ^ _205_/X (sky130_fd_sc_hd__dlymetal6s2s_1)
     5    0.01                           _050_ (net)
                  0.25    0.00    8.17 ^ _208_/A1 (sky130_fd_sc_hd__o21a_1)
                  0.16    0.39    8.56 ^ _208_/X (sky130_fd_sc_hd__o21a_1)
     1    0.01                           _053_ (net)
                  0.16    0.00    8.56 ^ repeater390/A (sky130_fd_sc_hd__clkdlybuf4s15_2)
                  0.18    0.51    9.07 ^ repeater390/X (sky130_fd_sc_hd__clkdlybuf4s15_2)
     1    0.02                           net390 (net)
                  0.18    0.00    9.07 ^ _212_/B1 (sky130_fd_sc_hd__o22a_1)
                  0.14    0.36    9.44 ^ _212_/X (sky130_fd_sc_hd__o22a_1)
     1    0.01                           net107 (net)
                  0.14    0.00    9.44 ^ repeater288/A (sky130_fd_sc_hd__clkdlybuf4s15_2)
                  0.63    0.82   10.25 ^ repeater288/X (sky130_fd_sc_hd__clkdlybuf4s15_2)
     2    0.07                           net288 (net)
                  0.63    0.03   10.28 ^ repeater287/A (sky130_fd_sc_hd__buf_4)
                  0.07    0.44   10.73 ^ repeater287/X (sky130_fd_sc_hd__buf_4)
     1    0.01                           net287 (net)
                  0.07    0.00   10.73 ^ repeater286/A (sky130_fd_sc_hd__buf_6)
                  0.08    0.19   10.92 ^ repeater286/X (sky130_fd_sc_hd__buf_6)
     1    0.02                           net286 (net)
                  0.08    0.00   10.92 ^ repeater285/A (sky130_fd_sc_hd__buf_6)
                  0.08    0.20   11.13 ^ repeater285/X (sky130_fd_sc_hd__buf_6)
     1    0.02                           net285 (net)
                  0.08    0.00   11.13 ^ repeater284/A (sky130_fd_sc_hd__buf_6)
                  0.09    0.22   11.35 ^ repeater284/X (sky130_fd_sc_hd__buf_6)
     4    0.02                           net284 (net)
                  0.09    0.00   11.35 ^ _514_/A (sky130_fd_sc_hd__dlymetal6s2s_1)
                  0.09    0.19   11.54 ^ _514_/X (sky130_fd_sc_hd__dlymetal6s2s_1)
     1    0.00                           net144 (net)
                  0.09    0.00   11.54 ^ repeater178/A (sky130_fd_sc_hd__dlymetal6s2s_1)
                  0.32    0.37   11.91 ^ repeater178/X (sky130_fd_sc_hd__dlymetal6s2s_1)
     1    0.02                           net178 (net)
                  0.32    0.00   11.91 ^ repeater177/A (sky130_fd_sc_hd__clkbuf_4)
                  0.12    0.41   12.33 ^ repeater177/X (sky130_fd_sc_hd__clkbuf_4)
     1    0.02                           net177 (net)
                  0.12    0.00   12.33 ^ output144/A (sky130_fd_sc_hd__clkbuf_4)
                  0.18    0.37   12.70 ^ output144/X (sky130_fd_sc_hd__clkbuf_4)
     1    0.03                           wbs_dat_o[5] (net)
                  0.18    0.00   12.70 ^ wbs_dat_o[5] (out)
                                 12.70   data arrival time

                         20.00   20.00   clock wb_clk_i (rise edge)
                          0.00   20.00   clock network delay (propagated)
                         -0.25   19.75   clock uncertainty
                          0.00   19.75   clock reconvergence pessimism
                         -4.00   15.75   output external delay
                                 15.75   data required time
-----------------------------------------------------------------------------
                                 15.75   data required time
                                -12.70   data arrival time
-----------------------------------------------------------------------------
                                  3.05   slack (MET)



======================= Typical Corner ===================================

Startpoint: wbs_adr_i[11] (input port clocked by wb_clk_i)
Endpoint: wbs_dat_o[5] (output port clocked by wb_clk_i)
Path Group: wb_clk_i
Path Type: max
Corner: tt

Fanout     Cap    Slew   Delay    Time   Description
-----------------------------------------------------------------------------
                          0.00    0.00   clock wb_clk_i (rise edge)
                          0.00    0.00   clock network delay (propagated)
                          4.00    4.00 v input external delay
                  0.01    0.00    4.00 v wbs_adr_i[11] (in)
     1    0.00                           wbs_adr_i[11] (net)
                  0.01    0.00    4.00 v input7/A (sky130_fd_sc_hd__dlymetal6s2s_1)
                  0.04    0.13    4.13 v input7/X (sky130_fd_sc_hd__dlymetal6s2s_1)
     1    0.00                           net7 (net)
                  0.04    0.00    4.13 v repeater476/A (sky130_fd_sc_hd__dlymetal6s2s_1)
                  0.10    0.20    4.33 v repeater476/X (sky130_fd_sc_hd__dlymetal6s2s_1)
     1    0.02                           net476 (net)
                  0.10    0.00    4.33 v repeater475/A (sky130_fd_sc_hd__clkbuf_4)
                  0.05    0.19    4.52 v repeater475/X (sky130_fd_sc_hd__clkbuf_4)
     1    0.02                           net475 (net)
                  0.05    0.00    4.52 v repeater474/A (sky130_fd_sc_hd__buf_4)
                  0.04    0.16    4.69 v repeater474/X (sky130_fd_sc_hd__buf_4)
     1    0.02                           net474 (net)
                  0.04    0.00    4.69 v repeater473/A (sky130_fd_sc_hd__buf_6)
                  0.03    0.13    4.82 v repeater473/X (sky130_fd_sc_hd__buf_6)
     1    0.02                           net473 (net)
                  0.03    0.00    4.82 v repeater472/A (sky130_fd_sc_hd__buf_6)
                  0.03    0.12    4.94 v repeater472/X (sky130_fd_sc_hd__buf_6)
     1    0.01                           net472 (net)
                  0.03    0.00    4.94 v repeater471/A (sky130_fd_sc_hd__buf_6)
                  0.05    0.14    5.08 v repeater471/X (sky130_fd_sc_hd__buf_6)
     2    0.04                           net471 (net)
                  0.05    0.01    5.09 v repeater470/A (sky130_fd_sc_hd__buf_4)
                  0.03    0.15    5.23 v repeater470/X (sky130_fd_sc_hd__buf_4)
     1    0.01                           net470 (net)
                  0.03    0.00    5.23 v repeater469/A (sky130_fd_sc_hd__buf_4)
                  0.04    0.15    5.38 v repeater469/X (sky130_fd_sc_hd__buf_4)
     2    0.02                           net469 (net)
                  0.04    0.00    5.38 v repeater468/A (sky130_fd_sc_hd__dlymetal6s2s_1)
                  0.09    0.19    5.57 v repeater468/X (sky130_fd_sc_hd__dlymetal6s2s_1)
     4    0.01                           net468 (net)
                  0.09    0.00    5.57 v _159_/A (sky130_fd_sc_hd__inv_2)
                  0.04    0.07    5.64 ^ _159_/Y (sky130_fd_sc_hd__inv_2)
     2    0.01                           _016_ (net)
                  0.04    0.00    5.64 ^ _160_/A (sky130_fd_sc_hd__clkbuf_4)
                  0.06    0.15    5.79 ^ _160_/X (sky130_fd_sc_hd__clkbuf_4)
     3    0.01                           _017_ (net)
                  0.06    0.00    5.79 ^ _164_/A (sky130_fd_sc_hd__dlymetal6s2s_1)
                  0.21    0.22    6.01 ^ _164_/X (sky130_fd_sc_hd__dlymetal6s2s_1)
     5    0.02                           _020_ (net)
                  0.21    0.00    6.01 ^ _205_/A (sky130_fd_sc_hd__dlymetal6s2s_1)
                  0.16    0.23    6.24 ^ _205_/X (sky130_fd_sc_hd__dlymetal6s2s_1)
     5    0.01                           _050_ (net)
                  0.16    0.00    6.24 ^ _208_/A1 (sky130_fd_sc_hd__o21a_1)
                  0.09    0.20    6.44 ^ _208_/X (sky130_fd_sc_hd__o21a_1)
     1    0.01                           _053_ (net)
                  0.09    0.00    6.44 ^ repeater390/A (sky130_fd_sc_hd__clkdlybuf4s15_2)
                  0.11    0.27    6.71 ^ repeater390/X (sky130_fd_sc_hd__clkdlybuf4s15_2)
     1    0.02                           net390 (net)
                  0.11    0.00    6.71 ^ _212_/B1 (sky130_fd_sc_hd__o22a_1)
                  0.08    0.19    6.90 ^ _212_/X (sky130_fd_sc_hd__o22a_1)
     1    0.01                           net107 (net)
                  0.08    0.00    6.90 ^ repeater288/A (sky130_fd_sc_hd__clkdlybuf4s15_2)
                  0.40    0.46    7.36 ^ repeater288/X (sky130_fd_sc_hd__clkdlybuf4s15_2)
     2    0.07                           net288 (net)
                  0.40    0.03    7.39 ^ repeater287/A (sky130_fd_sc_hd__buf_4)
                  0.04    0.20    7.59 ^ repeater287/X (sky130_fd_sc_hd__buf_4)
     1    0.01                           net287 (net)
                  0.04    0.00    7.59 ^ repeater286/A (sky130_fd_sc_hd__buf_6)
                  0.05    0.11    7.70 ^ repeater286/X (sky130_fd_sc_hd__buf_6)
     1    0.02                           net286 (net)
                  0.05    0.00    7.70 ^ repeater285/A (sky130_fd_sc_hd__buf_6)
                  0.05    0.11    7.81 ^ repeater285/X (sky130_fd_sc_hd__buf_6)
     1    0.02                           net285 (net)
                  0.05    0.00    7.82 ^ repeater284/A (sky130_fd_sc_hd__buf_6)
                  0.06    0.12    7.94 ^ repeater284/X (sky130_fd_sc_hd__buf_6)
     4    0.02                           net284 (net)
                  0.06    0.00    7.94 ^ _514_/A (sky130_fd_sc_hd__dlymetal6s2s_1)
                  0.06    0.11    8.05 ^ _514_/X (sky130_fd_sc_hd__dlymetal6s2s_1)
     1    0.00                           net144 (net)
                  0.06    0.00    8.05 ^ repeater178/A (sky130_fd_sc_hd__dlymetal6s2s_1)
                  0.21    0.22    8.27 ^ repeater178/X (sky130_fd_sc_hd__dlymetal6s2s_1)
     1    0.02                           net178 (net)
                  0.21    0.00    8.27 ^ repeater177/A (sky130_fd_sc_hd__clkbuf_4)
                  0.07    0.22    8.49 ^ repeater177/X (sky130_fd_sc_hd__clkbuf_4)
     1    0.02                           net177 (net)
                  0.07    0.00    8.50 ^ output144/A (sky130_fd_sc_hd__clkbuf_4)
                  0.11    0.21    8.70 ^ output144/X (sky130_fd_sc_hd__clkbuf_4)
     1    0.03                           wbs_dat_o[5] (net)
                  0.11    0.00    8.70 ^ wbs_dat_o[5] (out)
                                  8.70   data arrival time

                         20.00   20.00   clock wb_clk_i (rise edge)
                          0.00   20.00   clock network delay (propagated)
                         -0.25   19.75   clock uncertainty
                          0.00   19.75   clock reconvergence pessimism
                         -4.00   15.75   output external delay
                                 15.75   data required time
-----------------------------------------------------------------------------
                                 15.75   data required time
                                 -8.70   data arrival time
-----------------------------------------------------------------------------
                                  7.05   slack (MET)



======================= Fastest Corner ===================================

Startpoint: wbs_adr_i[11] (input port clocked by wb_clk_i)
Endpoint: wbs_dat_o[6] (output port clocked by wb_clk_i)
Path Group: wb_clk_i
Path Type: max
Corner: ff

Fanout     Cap    Slew   Delay    Time   Description
-----------------------------------------------------------------------------
                          0.00    0.00   clock wb_clk_i (rise edge)
                          0.00    0.00   clock network delay (propagated)
                          4.00    4.00 v input external delay
                  0.00    0.00    4.00 v wbs_adr_i[11] (in)
     1    0.00                           wbs_adr_i[11] (net)
                  0.00    0.00    4.00 v input7/A (sky130_fd_sc_hd__dlymetal6s2s_1)
                  0.03    0.08    4.08 v input7/X (sky130_fd_sc_hd__dlymetal6s2s_1)
     1    0.00                           net7 (net)
                  0.03    0.00    4.08 v repeater476/A (sky130_fd_sc_hd__dlymetal6s2s_1)
                  0.07    0.13    4.21 v repeater476/X (sky130_fd_sc_hd__dlymetal6s2s_1)
     1    0.02                           net476 (net)
                  0.07    0.00    4.22 v repeater475/A (sky130_fd_sc_hd__clkbuf_4)
                  0.04    0.13    4.34 v repeater475/X (sky130_fd_sc_hd__clkbuf_4)
     1    0.02                           net475 (net)
                  0.04    0.00    4.34 v repeater474/A (sky130_fd_sc_hd__buf_4)
                  0.03    0.11    4.45 v repeater474/X (sky130_fd_sc_hd__buf_4)
     1    0.02                           net474 (net)
                  0.03    0.00    4.45 v repeater473/A (sky130_fd_sc_hd__buf_6)
                  0.02    0.08    4.54 v repeater473/X (sky130_fd_sc_hd__buf_6)
     1    0.02                           net473 (net)
                  0.02    0.00    4.54 v repeater472/A (sky130_fd_sc_hd__buf_6)
                  0.02    0.08    4.62 v repeater472/X (sky130_fd_sc_hd__buf_6)
     1    0.01                           net472 (net)
                  0.02    0.00    4.62 v repeater471/A (sky130_fd_sc_hd__buf_6)
                  0.04    0.09    4.71 v repeater471/X (sky130_fd_sc_hd__buf_6)
     2    0.04                           net471 (net)
                  0.04    0.01    4.72 v repeater470/A (sky130_fd_sc_hd__buf_4)
                  0.02    0.10    4.82 v repeater470/X (sky130_fd_sc_hd__buf_4)
     1    0.01                           net470 (net)
                  0.02    0.00    4.82 v repeater469/A (sky130_fd_sc_hd__buf_4)
                  0.03    0.10    4.92 v repeater469/X (sky130_fd_sc_hd__buf_4)
     2    0.02                           net469 (net)
                  0.03    0.00    4.92 v repeater468/A (sky130_fd_sc_hd__dlymetal6s2s_1)
                  0.06    0.12    5.04 v repeater468/X (sky130_fd_sc_hd__dlymetal6s2s_1)
     4    0.02                           net468 (net)
                  0.06    0.00    5.04 v _159_/A (sky130_fd_sc_hd__inv_2)
                  0.03    0.05    5.09 ^ _159_/Y (sky130_fd_sc_hd__inv_2)
     2    0.01                           _016_ (net)
                  0.03    0.00    5.09 ^ _160_/A (sky130_fd_sc_hd__clkbuf_4)
                  0.04    0.10    5.19 ^ _160_/X (sky130_fd_sc_hd__clkbuf_4)
     3    0.01                           _017_ (net)
                  0.04    0.00    5.19 ^ _164_/A (sky130_fd_sc_hd__dlymetal6s2s_1)
                  0.16    0.16    5.35 ^ _164_/X (sky130_fd_sc_hd__dlymetal6s2s_1)
     5    0.02                           _020_ (net)
                  0.16    0.00    5.35 ^ _205_/A (sky130_fd_sc_hd__dlymetal6s2s_1)
                  0.13    0.15    5.50 ^ _205_/X (sky130_fd_sc_hd__dlymetal6s2s_1)
     5    0.01                           _050_ (net)
                  0.13    0.00    5.50 ^ _213_/A1 (sky130_fd_sc_hd__o21a_1)
                  0.06    0.12    5.62 ^ _213_/X (sky130_fd_sc_hd__o21a_1)
     1    0.01                           _057_ (net)
                  0.06    0.00    5.62 ^ repeater389/A (sky130_fd_sc_hd__clkdlybuf4s15_2)
                  0.08    0.18    5.80 ^ repeater389/X (sky130_fd_sc_hd__clkdlybuf4s15_2)
     1    0.02                           net389 (net)
                  0.08    0.00    5.80 ^ _215_/B1 (sky130_fd_sc_hd__o22a_1)
                  0.06    0.10    5.90 ^ _215_/X (sky130_fd_sc_hd__o22a_1)
     1    0.01                           net112 (net)
                  0.06    0.00    5.90 ^ repeater283/A (sky130_fd_sc_hd__clkdlybuf4s15_2)
                  0.18    0.24    6.14 ^ repeater283/X (sky130_fd_sc_hd__clkdlybuf4s15_2)
     1    0.04                           net283 (net)
                  0.18    0.01    6.15 ^ repeater282/A (sky130_fd_sc_hd__clkbuf_4)
                  0.09    0.17    6.33 ^ repeater282/X (sky130_fd_sc_hd__clkbuf_4)
     2    0.04                           net282 (net)
                  0.09    0.01    6.33 ^ repeater281/A (sky130_fd_sc_hd__buf_4)
                  0.04    0.10    6.43 ^ repeater281/X (sky130_fd_sc_hd__buf_4)
     1    0.02                           net281 (net)
                  0.04    0.00    6.44 ^ repeater280/A (sky130_fd_sc_hd__buf_6)
                  0.04    0.08    6.51 ^ repeater280/X (sky130_fd_sc_hd__buf_6)
     1    0.02                           net280 (net)
                  0.04    0.00    6.52 ^ repeater279/A (sky130_fd_sc_hd__buf_6)
                  0.04    0.08    6.59 ^ repeater279/X (sky130_fd_sc_hd__buf_6)
     2    0.02                           net279 (net)
                  0.04    0.00    6.59 ^ _515_/A (sky130_fd_sc_hd__dlymetal6s2s_1)
                  0.05    0.08    6.67 ^ _515_/X (sky130_fd_sc_hd__dlymetal6s2s_1)
     1    0.00                           net145 (net)
                  0.05    0.00    6.67 ^ repeater176/A (sky130_fd_sc_hd__dlymetal6s2s_1)
                  0.17    0.17    6.84 ^ repeater176/X (sky130_fd_sc_hd__dlymetal6s2s_1)
     1    0.02                           net176 (net)
                  0.17    0.00    6.84 ^ repeater175/A (sky130_fd_sc_hd__clkbuf_4)
                  0.05    0.14    6.98 ^ repeater175/X (sky130_fd_sc_hd__clkbuf_4)
     1    0.02                           net175 (net)
                  0.05    0.00    6.99 ^ output145/A (sky130_fd_sc_hd__clkbuf_4)
                  0.09    0.14    7.13 ^ output145/X (sky130_fd_sc_hd__clkbuf_4)
     1    0.03                           wbs_dat_o[6] (net)
                  0.09    0.00    7.13 ^ wbs_dat_o[6] (out)
                                  7.13   data arrival time

                         20.00   20.00   clock wb_clk_i (rise edge)
                          0.00   20.00   clock network delay (propagated)
                         -0.25   19.75   clock uncertainty
                          0.00   19.75   clock reconvergence pessimism
                         -4.00   15.75   output external delay
                                 15.75   data required time
-----------------------------------------------------------------------------
                                 15.75   data required time
                                 -7.13   data arrival time
-----------------------------------------------------------------------------
                                  8.62   slack (MET)



===========================================================================
report_checks --slack_max -0.01
============================================================================

======================= Slowest Corner ===================================

No paths found.

======================= Typical Corner ===================================

No paths found.

======================= Fastest Corner ===================================

No paths found.
