
===========================================================================
 report_check_types -max_slew -max_cap -max_fanout -violators
============================================================================

======================= Slowest Corner ===================================

max fanout

Pin                                   Limit Fanout  Slack
---------------------------------------------------------
repeater1288/X                            5     21    -16 (VIOLATED)
repeater838/X                             5     13     -8 (VIOLATED)
repeater897/X                             5     13     -8 (VIOLATED)
repeater377/X                             5     11     -6 (VIOLATED)
repeater917/X                             5     11     -6 (VIOLATED)
repeater1315/X                            5      9     -4 (VIOLATED)
repeater208/X                             5      9     -4 (VIOLATED)
repeater997/X                             5      8     -3 (VIOLATED)
repeater413/X                             5      7     -2 (VIOLATED)
repeater804/X                             5      7     -2 (VIOLATED)
repeater1113/X                            5      6        (VIOLATED)
repeater1147/X                            5      6        (VIOLATED)
repeater1197/X                            5      6        (VIOLATED)
repeater1210/X                            5      6        (VIOLATED)
repeater1700/X                            5      6        (VIOLATED)
repeater1716/X                            5      6        (VIOLATED)
repeater363/X                             5      6        (VIOLATED)
repeater401/X                             5      6        (VIOLATED)
repeater416/X                             5      6        (VIOLATED)
repeater428/X                             5      6        (VIOLATED)
repeater492/X                             5      6        (VIOLATED)
repeater654/X                             5      6        (VIOLATED)
repeater698/X                             5      6        (VIOLATED)
repeater990/X                             5      6        (VIOLATED)

max capacitance

Pin                                    Limit     Cap   Slack
------------------------------------------------------------
repeater208/X                           0.10    0.10   -0.00 (VIOLATED)


======================= Typical Corner ===================================

max fanout

Pin                                   Limit Fanout  Slack
---------------------------------------------------------
repeater1288/X                            5     21    -16 (VIOLATED)
repeater838/X                             5     13     -8 (VIOLATED)
repeater897/X                             5     13     -8 (VIOLATED)
repeater377/X                             5     11     -6 (VIOLATED)
repeater917/X                             5     11     -6 (VIOLATED)
repeater1315/X                            5      9     -4 (VIOLATED)
repeater208/X                             5      9     -4 (VIOLATED)
repeater997/X                             5      8     -3 (VIOLATED)
repeater413/X                             5      7     -2 (VIOLATED)
repeater804/X                             5      7     -2 (VIOLATED)
repeater1113/X                            5      6        (VIOLATED)
repeater1147/X                            5      6        (VIOLATED)
repeater1197/X                            5      6        (VIOLATED)
repeater1210/X                            5      6        (VIOLATED)
repeater1700/X                            5      6        (VIOLATED)
repeater1716/X                            5      6        (VIOLATED)
repeater363/X                             5      6        (VIOLATED)
repeater401/X                             5      6        (VIOLATED)
repeater416/X                             5      6        (VIOLATED)
repeater428/X                             5      6        (VIOLATED)
repeater492/X                             5      6        (VIOLATED)
repeater654/X                             5      6        (VIOLATED)
repeater698/X                             5      6        (VIOLATED)
repeater990/X                             5      6        (VIOLATED)


======================= Fastest Corner ===================================

max fanout

Pin                                   Limit Fanout  Slack
---------------------------------------------------------
repeater1288/X                            5     21    -16 (VIOLATED)
repeater838/X                             5     13     -8 (VIOLATED)
repeater897/X                             5     13     -8 (VIOLATED)
repeater377/X                             5     11     -6 (VIOLATED)
repeater917/X                             5     11     -6 (VIOLATED)
repeater1315/X                            5      9     -4 (VIOLATED)
repeater208/X                             5      9     -4 (VIOLATED)
repeater997/X                             5      8     -3 (VIOLATED)
repeater413/X                             5      7     -2 (VIOLATED)
repeater804/X                             5      7     -2 (VIOLATED)
repeater1113/X                            5      6        (VIOLATED)
repeater1147/X                            5      6        (VIOLATED)
repeater1197/X                            5      6        (VIOLATED)
repeater1210/X                            5      6        (VIOLATED)
repeater1700/X                            5      6        (VIOLATED)
repeater1716/X                            5      6        (VIOLATED)
repeater363/X                             5      6        (VIOLATED)
repeater401/X                             5      6        (VIOLATED)
repeater416/X                             5      6        (VIOLATED)
repeater428/X                             5      6        (VIOLATED)
repeater492/X                             5      6        (VIOLATED)
repeater654/X                             5      6        (VIOLATED)
repeater698/X                             5      6        (VIOLATED)
repeater990/X                             5      6        (VIOLATED)


===========================================================================
max slew violation count 0
max fanout violation count 24
max cap violation count 1
============================================================================
