
===========================================================================
report_checks -unconstrained
============================================================================
Startpoint: wbs_adr_i[11] (input port clocked by wb_clk_i)
Endpoint: wbs_dat_o[29] (output port clocked by wb_clk_i)
Path Group: wb_clk_i
Path Type: max

Fanout     Cap    Slew   Delay    Time   Description
-----------------------------------------------------------------------------
                          0.00    0.00   clock wb_clk_i (rise edge)
                          0.00    0.00   clock network delay (propagated)
                          4.00    4.00 ^ input external delay
                  0.02    0.01    4.01 ^ wbs_adr_i[11] (in)
     1    0.00                           wbs_adr_i[11] (net)
                  0.02    0.00    4.01 ^ input7/A (sky130_fd_sc_hd__dlymetal6s2s_1)
                  0.06    0.10    4.11 ^ input7/X (sky130_fd_sc_hd__dlymetal6s2s_1)
     1    0.00                           net7 (net)
                  0.06    0.00    4.11 ^ repeater562/A (sky130_fd_sc_hd__dlymetal6s2s_1)
                  0.20    0.21    4.32 ^ repeater562/X (sky130_fd_sc_hd__dlymetal6s2s_1)
     1    0.02                           net562 (net)
                  0.20    0.00    4.33 ^ repeater561/A (sky130_fd_sc_hd__clkbuf_4)
                  0.07    0.22    4.54 ^ repeater561/X (sky130_fd_sc_hd__clkbuf_4)
     1    0.02                           net561 (net)
                  0.07    0.00    4.54 ^ repeater560/A (sky130_fd_sc_hd__buf_4)
                  0.07    0.15    4.69 ^ repeater560/X (sky130_fd_sc_hd__buf_4)
     1    0.02                           net560 (net)
                  0.07    0.00    4.69 ^ repeater559/A (sky130_fd_sc_hd__buf_6)
                  0.05    0.12    4.81 ^ repeater559/X (sky130_fd_sc_hd__buf_6)
     1    0.02                           net559 (net)
                  0.05    0.00    4.81 ^ repeater558/A (sky130_fd_sc_hd__buf_6)
                  0.04    0.10    4.92 ^ repeater558/X (sky130_fd_sc_hd__buf_6)
     1    0.01                           net558 (net)
                  0.04    0.00    4.92 ^ repeater557/A (sky130_fd_sc_hd__buf_6)
                  0.04    0.10    5.01 ^ repeater557/X (sky130_fd_sc_hd__buf_6)
     1    0.01                           net557 (net)
                  0.04    0.00    5.01 ^ repeater556/A (sky130_fd_sc_hd__buf_4)
                  0.12    0.17    5.18 ^ repeater556/X (sky130_fd_sc_hd__buf_4)
     1    0.04                           net556 (net)
                  0.12    0.01    5.19 ^ repeater555/A (sky130_fd_sc_hd__buf_4)
                  0.05    0.15    5.34 ^ repeater555/X (sky130_fd_sc_hd__buf_4)
     2    0.01                           net555 (net)
                  0.05    0.00    5.34 ^ repeater554/A (sky130_fd_sc_hd__dlymetal6s2s_1)
                  0.19    0.20    5.54 ^ repeater554/X (sky130_fd_sc_hd__dlymetal6s2s_1)
     4    0.02                           net554 (net)
                  0.19    0.00    5.54 ^ _159_/A (sky130_fd_sc_hd__inv_2)
                  0.05    0.06    5.61 v _159_/Y (sky130_fd_sc_hd__inv_2)
     2    0.01                           _016_ (net)
                  0.05    0.00    5.61 v _160_/A (sky130_fd_sc_hd__buf_6)
                  0.02    0.12    5.72 v _160_/X (sky130_fd_sc_hd__buf_6)
     1    0.01                           _017_ (net)
                  0.02    0.00    5.72 v repeater506/A (sky130_fd_sc_hd__clkdlybuf4s15_2)
                  0.08    0.25    5.97 v repeater506/X (sky130_fd_sc_hd__clkdlybuf4s15_2)
     2    0.02                           net506 (net)
                  0.08    0.00    5.97 v repeater505/A (sky130_fd_sc_hd__clkbuf_4)
                  0.04    0.17    6.14 v repeater505/X (sky130_fd_sc_hd__clkbuf_4)
     2    0.01                           net505 (net)
                  0.04    0.00    6.14 v _161_/A (sky130_fd_sc_hd__buf_6)
                  0.02    0.11    6.26 v _161_/X (sky130_fd_sc_hd__buf_6)
     2    0.01                           _018_ (net)
                  0.02    0.00    6.26 v repeater493/A (sky130_fd_sc_hd__clkdlybuf4s18_2)
                  0.07    0.25    6.51 v repeater493/X (sky130_fd_sc_hd__clkdlybuf4s18_2)
     3    0.02                           net493 (net)
                  0.07    0.00    6.51 v repeater492/A (sky130_fd_sc_hd__clkdlybuf4s15_2)
                  0.15    0.32    6.83 v repeater492/X (sky130_fd_sc_hd__clkdlybuf4s15_2)
     1    0.04                           net492 (net)
                  0.15    0.01    6.84 v repeater491/A (sky130_fd_sc_hd__clkbuf_4)
                  0.03    0.19    7.03 v repeater491/X (sky130_fd_sc_hd__clkbuf_4)
     2    0.01                           net491 (net)
                  0.03    0.00    7.03 v _303_/A1 (sky130_fd_sc_hd__a22o_1)
                  0.04    0.20    7.24 v _303_/X (sky130_fd_sc_hd__a22o_1)
     1    0.00                           _124_ (net)
                  0.04    0.00    7.24 v repeater401/A (sky130_fd_sc_hd__clkdlybuf4s15_2)
                  0.15    0.31    7.55 v repeater401/X (sky130_fd_sc_hd__clkdlybuf4s15_2)
     1    0.04                           net401 (net)
                  0.15    0.01    7.56 v repeater400/A (sky130_fd_sc_hd__clkbuf_4)
                  0.03    0.20    7.75 v repeater400/X (sky130_fd_sc_hd__clkbuf_4)
     1    0.01                           net400 (net)
                  0.03    0.00    7.75 v repeater399/A (sky130_fd_sc_hd__buf_4)
                  0.04    0.15    7.91 v repeater399/X (sky130_fd_sc_hd__buf_4)
     1    0.02                           net399 (net)
                  0.04    0.00    7.91 v _304_/B2 (sky130_fd_sc_hd__o22a_2)
                  0.12    0.28    8.18 v _304_/X (sky130_fd_sc_hd__o22a_2)
     1    0.03                           net73 (net)
                  0.12    0.01    8.19 v repeater343/A (sky130_fd_sc_hd__clkbuf_4)
                  0.09    0.23    8.42 v repeater343/X (sky130_fd_sc_hd__clkbuf_4)
     1    0.04                           net343 (net)
                  0.09    0.01    8.43 v repeater342/A (sky130_fd_sc_hd__buf_4)
                  0.04    0.17    8.60 v repeater342/X (sky130_fd_sc_hd__buf_4)
     1    0.01                           net342 (net)
                  0.04    0.00    8.60 v repeater341/A (sky130_fd_sc_hd__buf_6)
                  0.03    0.13    8.73 v repeater341/X (sky130_fd_sc_hd__buf_6)
     1    0.02                           net341 (net)
                  0.03    0.00    8.74 v repeater340/A (sky130_fd_sc_hd__buf_6)
                  0.03    0.13    8.86 v repeater340/X (sky130_fd_sc_hd__buf_6)
     2    0.02                           net340 (net)
                  0.03    0.00    8.86 v _538_/A (sky130_fd_sc_hd__clkbuf_4)
                  0.04    0.14    9.00 v _538_/X (sky130_fd_sc_hd__clkbuf_4)
     1    0.01                           net138 (net)
                  0.04    0.00    9.01 v repeater187/A (sky130_fd_sc_hd__clkdlybuf4s15_2)
                  0.08    0.25    9.25 v repeater187/X (sky130_fd_sc_hd__clkdlybuf4s15_2)
     1    0.02                           net187 (net)
                  0.08    0.00    9.26 v repeater186/A (sky130_fd_sc_hd__clkbuf_4)
                  0.05    0.18    9.44 v repeater186/X (sky130_fd_sc_hd__clkbuf_4)
     1    0.02                           net186 (net)
                  0.05    0.00    9.44 v output138/A (sky130_fd_sc_hd__clkbuf_4)
                  0.08    0.20    9.64 v output138/X (sky130_fd_sc_hd__clkbuf_4)
     1    0.03                           wbs_dat_o[29] (net)
                  0.08    0.00    9.64 v wbs_dat_o[29] (out)
                                  9.64   data arrival time

                         20.00   20.00   clock wb_clk_i (rise edge)
                          0.00   20.00   clock network delay (propagated)
                         -0.25   19.75   clock uncertainty
                          0.00   19.75   clock reconvergence pessimism
                         -4.00   15.75   output external delay
                                 15.75   data required time
-----------------------------------------------------------------------------
                                 15.75   data required time
                                 -9.64   data arrival time
-----------------------------------------------------------------------------
                                  6.11   slack (MET)



===========================================================================
report_checks --slack_max -0.01
============================================================================
No paths found.
