
===========================================================================
report_checks -path_delay max (Setup)
============================================================================
Startpoint: wbs_adr_i[11] (input port clocked by wb_clk_i)
Endpoint: wbs_dat_o[0] (output port clocked by wb_clk_i)
Path Group: wb_clk_i
Path Type: max

Fanout     Cap    Slew   Delay    Time   Description
-----------------------------------------------------------------------------
                  0.15    0.00    0.00   clock wb_clk_i (rise edge)
                          0.00    0.00   clock network delay (ideal)
                          3.20    3.20 v input external delay
                  0.44    0.50    3.70 v wbs_adr_i[11] (in)
     5    0.22                           wbs_adr_i[11] (net)
                  0.63    0.00    3.70 v _159_/A (sky130_fd_sc_hd__inv_2)
                  0.12    0.18    3.88 ^ _159_/Y (sky130_fd_sc_hd__inv_2)
     2    0.00                           _016_ (net)
                  0.12    0.00    3.88 ^ _186_/A (sky130_fd_sc_hd__buf_1)
                  1.10    0.86    4.74 ^ _186_/X (sky130_fd_sc_hd__buf_1)
     5    0.10                           _036_ (net)
                  1.10    0.02    4.76 ^ _187_/A (sky130_fd_sc_hd__buf_1)
                  1.19    0.99    5.75 ^ _187_/X (sky130_fd_sc_hd__buf_1)
     5    0.10                           _037_ (net)
                  1.19    0.03    5.78 ^ _189_/A1 (sky130_fd_sc_hd__a22o_2)
                  0.32    0.56    6.34 ^ _189_/X (sky130_fd_sc_hd__a22o_2)
     1    0.06                           _039_ (net)
                  0.33    0.02    6.36 ^ _190_/B2 (sky130_fd_sc_hd__o22a_2)
                  1.00    0.82    7.18 ^ _190_/X (sky130_fd_sc_hd__o22a_2)
     2    0.04                           la_data_out[0] (net)
                  1.06    0.20    7.39 ^ _509_/A (sky130_fd_sc_hd__buf_4)
                  0.20    0.39    7.78 ^ _509_/X (sky130_fd_sc_hd__buf_4)
     1    0.03                           wbs_dat_o[0] (net)
                  0.20    0.02    7.80 ^ wbs_dat_o[0] (out)
                                  7.80   data arrival time

                  0.15   16.00   16.00   clock wb_clk_i (rise edge)
                          0.00   16.00   clock network delay (ideal)
                         -0.25   15.75   clock uncertainty
                          0.00   15.75   clock reconvergence pessimism
                         -3.20   12.55   output external delay
                                 12.55   data required time
-----------------------------------------------------------------------------
                                 12.55   data required time
                                 -7.80   data arrival time
-----------------------------------------------------------------------------
                                  4.75   slack (MET)


Startpoint: wbs_adr_i[11] (input port clocked by wb_clk_i)
Endpoint: wbs_dat_o[1] (output port clocked by wb_clk_i)
Path Group: wb_clk_i
Path Type: max

Fanout     Cap    Slew   Delay    Time   Description
-----------------------------------------------------------------------------
                  0.15    0.00    0.00   clock wb_clk_i (rise edge)
                          0.00    0.00   clock network delay (ideal)
                          3.20    3.20 v input external delay
                  0.44    0.50    3.70 v wbs_adr_i[11] (in)
     5    0.22                           wbs_adr_i[11] (net)
                  0.63    0.00    3.70 v _159_/A (sky130_fd_sc_hd__inv_2)
                  0.12    0.18    3.88 ^ _159_/Y (sky130_fd_sc_hd__inv_2)
     2    0.00                           _016_ (net)
                  0.12    0.00    3.88 ^ _186_/A (sky130_fd_sc_hd__buf_1)
                  1.10    0.86    4.74 ^ _186_/X (sky130_fd_sc_hd__buf_1)
     5    0.10                           _036_ (net)
                  1.10    0.02    4.76 ^ _187_/A (sky130_fd_sc_hd__buf_1)
                  1.19    0.99    5.75 ^ _187_/X (sky130_fd_sc_hd__buf_1)
     5    0.10                           _037_ (net)
                  1.19    0.03    5.78 ^ _192_/A1 (sky130_fd_sc_hd__a22o_2)
                  0.32    0.56    6.34 ^ _192_/X (sky130_fd_sc_hd__a22o_2)
     1    0.06                           _041_ (net)
                  0.32    0.02    6.36 ^ _193_/B2 (sky130_fd_sc_hd__o22a_2)
                  0.99    0.82    7.18 ^ _193_/X (sky130_fd_sc_hd__o22a_2)
     2    0.04                           la_data_out[1] (net)
                  1.06    0.20    7.38 ^ _510_/A (sky130_fd_sc_hd__buf_4)
                  0.20    0.39    7.77 ^ _510_/X (sky130_fd_sc_hd__buf_4)
     1    0.03                           wbs_dat_o[1] (net)
                  0.20    0.02    7.79 ^ wbs_dat_o[1] (out)
                                  7.79   data arrival time

                  0.15   16.00   16.00   clock wb_clk_i (rise edge)
                          0.00   16.00   clock network delay (ideal)
                         -0.25   15.75   clock uncertainty
                          0.00   15.75   clock reconvergence pessimism
                         -3.20   12.55   output external delay
                                 12.55   data required time
-----------------------------------------------------------------------------
                                 12.55   data required time
                                 -7.79   data arrival time
-----------------------------------------------------------------------------
                                  4.76   slack (MET)


Startpoint: wbs_adr_i[11] (input port clocked by wb_clk_i)
Endpoint: wbs_dat_o[2] (output port clocked by wb_clk_i)
Path Group: wb_clk_i
Path Type: max

Fanout     Cap    Slew   Delay    Time   Description
-----------------------------------------------------------------------------
                  0.15    0.00    0.00   clock wb_clk_i (rise edge)
                          0.00    0.00   clock network delay (ideal)
                          3.20    3.20 v input external delay
                  0.44    0.50    3.70 v wbs_adr_i[11] (in)
     5    0.22                           wbs_adr_i[11] (net)
                  0.63    0.00    3.70 v _159_/A (sky130_fd_sc_hd__inv_2)
                  0.12    0.18    3.88 ^ _159_/Y (sky130_fd_sc_hd__inv_2)
     2    0.00                           _016_ (net)
                  0.12    0.00    3.88 ^ _186_/A (sky130_fd_sc_hd__buf_1)
                  1.10    0.86    4.74 ^ _186_/X (sky130_fd_sc_hd__buf_1)
     5    0.10                           _036_ (net)
                  1.10    0.02    4.76 ^ _187_/A (sky130_fd_sc_hd__buf_1)
                  1.19    0.99    5.75 ^ _187_/X (sky130_fd_sc_hd__buf_1)
     5    0.10                           _037_ (net)
                  1.19    0.03    5.78 ^ _195_/A1 (sky130_fd_sc_hd__a22o_2)
                  0.32    0.56    6.34 ^ _195_/X (sky130_fd_sc_hd__a22o_2)
     1    0.06                           _043_ (net)
                  0.32    0.02    6.36 ^ _196_/B2 (sky130_fd_sc_hd__o22a_2)
                  0.98    0.81    7.17 ^ _196_/X (sky130_fd_sc_hd__o22a_2)
     2    0.04                           la_data_out[2] (net)
                  1.04    0.20    7.37 ^ _511_/A (sky130_fd_sc_hd__buf_4)
                  0.20    0.39    7.76 ^ _511_/X (sky130_fd_sc_hd__buf_4)
     1    0.03                           wbs_dat_o[2] (net)
                  0.20    0.02    7.78 ^ wbs_dat_o[2] (out)
                                  7.78   data arrival time

                  0.15   16.00   16.00   clock wb_clk_i (rise edge)
                          0.00   16.00   clock network delay (ideal)
                         -0.25   15.75   clock uncertainty
                          0.00   15.75   clock reconvergence pessimism
                         -3.20   12.55   output external delay
                                 12.55   data required time
-----------------------------------------------------------------------------
                                 12.55   data required time
                                 -7.78   data arrival time
-----------------------------------------------------------------------------
                                  4.77   slack (MET)


Startpoint: wbs_adr_i[11] (input port clocked by wb_clk_i)
Endpoint: wbs_dat_o[3] (output port clocked by wb_clk_i)
Path Group: wb_clk_i
Path Type: max

Fanout     Cap    Slew   Delay    Time   Description
-----------------------------------------------------------------------------
                  0.15    0.00    0.00   clock wb_clk_i (rise edge)
                          0.00    0.00   clock network delay (ideal)
                          3.20    3.20 ^ input external delay
                  0.95    0.85    4.05 ^ wbs_adr_i[11] (in)
     5    0.22                           wbs_adr_i[11] (net)
                  1.05    0.00    4.05 ^ _173_/A (sky130_fd_sc_hd__and2_2)
                  0.15    0.41    4.45 ^ _173_/X (sky130_fd_sc_hd__and2_2)
     2    0.02                           _026_ (net)
                  0.15    0.00    4.45 ^ _174_/A (sky130_fd_sc_hd__buf_1)
                  1.00    0.80    5.25 ^ _174_/X (sky130_fd_sc_hd__buf_1)
     5    0.09                           _027_ (net)
                  1.00    0.04    5.29 ^ _188_/A (sky130_fd_sc_hd__buf_1)
                  0.22    0.29    5.58 ^ _188_/X (sky130_fd_sc_hd__buf_1)
     5    0.02                           _038_ (net)
                  0.22    0.00    5.58 ^ _199_/B1 (sky130_fd_sc_hd__a22o_2)
                  0.32    0.40    5.98 ^ _199_/X (sky130_fd_sc_hd__a22o_2)
     1    0.06                           _046_ (net)
                  0.32    0.02    6.00 ^ _200_/B2 (sky130_fd_sc_hd__o22a_2)
                  0.98    0.81    6.81 ^ _200_/X (sky130_fd_sc_hd__o22a_2)
     2    0.04                           la_data_out[3] (net)
                  1.05    0.20    7.01 ^ _512_/A (sky130_fd_sc_hd__buf_4)
                  0.20    0.39    7.40 ^ _512_/X (sky130_fd_sc_hd__buf_4)
     1    0.03                           wbs_dat_o[3] (net)
                  0.20    0.02    7.42 ^ wbs_dat_o[3] (out)
                                  7.42   data arrival time

                  0.15   16.00   16.00   clock wb_clk_i (rise edge)
                          0.00   16.00   clock network delay (ideal)
                         -0.25   15.75   clock uncertainty
                          0.00   15.75   clock reconvergence pessimism
                         -3.20   12.55   output external delay
                                 12.55   data required time
-----------------------------------------------------------------------------
                                 12.55   data required time
                                 -7.42   data arrival time
-----------------------------------------------------------------------------
                                  5.13   slack (MET)


Startpoint: wbs_adr_i[11] (input port clocked by wb_clk_i)
Endpoint: wbs_dat_o[4] (output port clocked by wb_clk_i)
Path Group: wb_clk_i
Path Type: max

Fanout     Cap    Slew   Delay    Time   Description
-----------------------------------------------------------------------------
                  0.15    0.00    0.00   clock wb_clk_i (rise edge)
                          0.00    0.00   clock network delay (ideal)
                          3.20    3.20 ^ input external delay
                  0.95    0.85    4.05 ^ wbs_adr_i[11] (in)
     5    0.22                           wbs_adr_i[11] (net)
                  1.05    0.00    4.05 ^ _173_/A (sky130_fd_sc_hd__and2_2)
                  0.15    0.41    4.45 ^ _173_/X (sky130_fd_sc_hd__and2_2)
     2    0.02                           _026_ (net)
                  0.15    0.00    4.45 ^ _174_/A (sky130_fd_sc_hd__buf_1)
                  1.00    0.80    5.25 ^ _174_/X (sky130_fd_sc_hd__buf_1)
     5    0.09                           _027_ (net)
                  1.00    0.04    5.29 ^ _188_/A (sky130_fd_sc_hd__buf_1)
                  0.22    0.29    5.58 ^ _188_/X (sky130_fd_sc_hd__buf_1)
     5    0.02                           _038_ (net)
                  0.22    0.00    5.58 ^ _202_/B1 (sky130_fd_sc_hd__a22o_2)
                  0.32    0.40    5.98 ^ _202_/X (sky130_fd_sc_hd__a22o_2)
     1    0.06                           _048_ (net)
                  0.32    0.02    6.00 ^ _203_/B2 (sky130_fd_sc_hd__o22a_2)
                  0.97    0.80    6.80 ^ _203_/X (sky130_fd_sc_hd__o22a_2)
     2    0.04                           la_data_out[4] (net)
                  1.03    0.19    6.99 ^ _513_/A (sky130_fd_sc_hd__buf_4)
                  0.20    0.39    7.39 ^ _513_/X (sky130_fd_sc_hd__buf_4)
     1    0.03                           wbs_dat_o[4] (net)
                  0.21    0.02    7.41 ^ wbs_dat_o[4] (out)
                                  7.41   data arrival time

                  0.15   16.00   16.00   clock wb_clk_i (rise edge)
                          0.00   16.00   clock network delay (ideal)
                         -0.25   15.75   clock uncertainty
                          0.00   15.75   clock reconvergence pessimism
                         -3.20   12.55   output external delay
                                 12.55   data required time
-----------------------------------------------------------------------------
                                 12.55   data required time
                                 -7.41   data arrival time
-----------------------------------------------------------------------------
                                  5.14   slack (MET)


