
===========================================================================
report_checks -unconstrained
============================================================================
Startpoint: wbs_adr_i[12] (input port clocked by wb_clk_i)
Endpoint: wbs_dat_o[1] (output port clocked by wb_clk_i)
Path Group: wb_clk_i
Path Type: max

Fanout     Cap    Slew   Delay    Time   Description
-----------------------------------------------------------------------------
                  0.15    0.00    0.00   clock wb_clk_i (rise edge)
                          0.00    0.00   clock network delay (ideal)
                          3.20    3.20 v input external delay
                  0.01    0.01    3.21 v wbs_adr_i[12] (in)
     1    0.00                           wbs_adr_i[12] (net)
                  0.01    0.00    3.21 v input8/A (sky130_fd_sc_hd__clkbuf_4)
                  0.03    0.13    3.33 v input8/X (sky130_fd_sc_hd__clkbuf_4)
     1    0.01                           net8 (net)
                  0.03    0.00    3.34 v repeater734/A (sky130_fd_sc_hd__clkdlybuf4s15_2)
                  0.08    0.25    3.58 v repeater734/X (sky130_fd_sc_hd__clkdlybuf4s15_2)
     1    0.02                           net734 (net)
                  0.08    0.00    3.58 v repeater733/A (sky130_fd_sc_hd__clkbuf_4)
                  0.05    0.18    3.76 v repeater733/X (sky130_fd_sc_hd__clkbuf_4)
     1    0.02                           net733 (net)
                  0.05    0.00    3.76 v repeater732/A (sky130_fd_sc_hd__buf_4)
                  0.04    0.16    3.93 v repeater732/X (sky130_fd_sc_hd__buf_4)
     1    0.02                           net732 (net)
                  0.04    0.00    3.93 v repeater731/A (sky130_fd_sc_hd__buf_6)
                  0.03    0.13    4.06 v repeater731/X (sky130_fd_sc_hd__buf_6)
     1    0.02                           net731 (net)
                  0.03    0.00    4.06 v repeater730/A (sky130_fd_sc_hd__buf_6)
                  0.03    0.12    4.19 v repeater730/X (sky130_fd_sc_hd__buf_6)
     1    0.02                           net730 (net)
                  0.03    0.00    4.19 v repeater729/A (sky130_fd_sc_hd__buf_4)
                  0.04    0.15    4.34 v repeater729/X (sky130_fd_sc_hd__buf_4)
     1    0.02                           net729 (net)
                  0.04    0.00    4.34 v repeater728/A (sky130_fd_sc_hd__buf_4)
                  0.04    0.16    4.50 v repeater728/X (sky130_fd_sc_hd__buf_4)
     1    0.02                           net728 (net)
                  0.04    0.00    4.50 v repeater727/A (sky130_fd_sc_hd__buf_4)
                  0.04    0.16    4.66 v repeater727/X (sky130_fd_sc_hd__buf_4)
     1    0.02                           net727 (net)
                  0.04    0.00    4.66 v repeater726/A (sky130_fd_sc_hd__buf_4)
                  0.04    0.15    4.81 v repeater726/X (sky130_fd_sc_hd__buf_4)
     1    0.01                           net726 (net)
                  0.04    0.00    4.81 v repeater725/A (sky130_fd_sc_hd__buf_4)
                  0.03    0.14    4.95 v repeater725/X (sky130_fd_sc_hd__buf_4)
     1    0.01                           net725 (net)
                  0.03    0.00    4.95 v repeater724/A (sky130_fd_sc_hd__buf_4)
                  0.07    0.18    5.13 v repeater724/X (sky130_fd_sc_hd__buf_4)
     1    0.05                           net724 (net)
                  0.08    0.01    5.14 v repeater723/A (sky130_fd_sc_hd__buf_4)
                  0.03    0.16    5.29 v repeater723/X (sky130_fd_sc_hd__buf_4)
     2    0.01                           net723 (net)
                  0.03    0.00    5.29 v repeater722/A (sky130_fd_sc_hd__dlymetal6s2s_1)
                  0.09    0.18    5.48 v repeater722/X (sky130_fd_sc_hd__dlymetal6s2s_1)
     4    0.01                           net722 (net)
                  0.09    0.00    5.48 v _173_/B (sky130_fd_sc_hd__and2_1)
                  0.05    0.20    5.67 v _173_/X (sky130_fd_sc_hd__and2_1)
     1    0.01                           _026_ (net)
                  0.05    0.00    5.67 v repeater680/A (sky130_fd_sc_hd__clkdlybuf4s18_2)
                  0.09    0.28    5.95 v repeater680/X (sky130_fd_sc_hd__clkdlybuf4s18_2)
     2    0.02                           net680 (net)
                  0.09    0.00    5.95 v _174_/A (sky130_fd_sc_hd__buf_6)
                  0.03    0.15    6.10 v _174_/X (sky130_fd_sc_hd__buf_6)
     3    0.01                           _027_ (net)
                  0.03    0.00    6.10 v repeater673/A (sky130_fd_sc_hd__clkdlybuf4s15_2)
                  0.16    0.31    6.41 v repeater673/X (sky130_fd_sc_hd__clkdlybuf4s15_2)
     1    0.04                           net673 (net)
                  0.16    0.01    6.42 v repeater672/A (sky130_fd_sc_hd__clkbuf_4)
                  0.03    0.19    6.61 v repeater672/X (sky130_fd_sc_hd__clkbuf_4)
     1    0.00                           net672 (net)
                  0.03    0.00    6.61 v repeater671/A (sky130_fd_sc_hd__buf_4)
                  0.04    0.15    6.76 v repeater671/X (sky130_fd_sc_hd__buf_4)
     3    0.02                           net671 (net)
                  0.04    0.00    6.76 v repeater670/A (sky130_fd_sc_hd__clkdlybuf4s15_2)
                  0.08    0.25    7.01 v repeater670/X (sky130_fd_sc_hd__clkdlybuf4s15_2)
     1    0.02                           net670 (net)
                  0.08    0.00    7.01 v _188_/A (sky130_fd_sc_hd__dlymetal6s2s_1)
                  0.09    0.21    7.22 v _188_/X (sky130_fd_sc_hd__dlymetal6s2s_1)
     5    0.02                           _038_ (net)
                  0.09    0.00    7.22 v _192_/B1 (sky130_fd_sc_hd__a22o_1)
                  0.04    0.20    7.42 v _192_/X (sky130_fd_sc_hd__a22o_1)
     1    0.00                           _041_ (net)
                  0.04    0.00    7.42 v repeater625/A (sky130_fd_sc_hd__clkdlybuf4s15_2)
                  0.15    0.31    7.73 v repeater625/X (sky130_fd_sc_hd__clkdlybuf4s15_2)
     1    0.04                           net625 (net)
                  0.15    0.01    7.74 v repeater624/A (sky130_fd_sc_hd__buf_4)
                  0.03    0.19    7.93 v repeater624/X (sky130_fd_sc_hd__buf_4)
     1    0.01                           net624 (net)
                  0.03    0.00    7.93 v repeater623/A (sky130_fd_sc_hd__buf_4)
                  0.04    0.15    8.09 v repeater623/X (sky130_fd_sc_hd__buf_4)
     1    0.02                           net623 (net)
                  0.04    0.00    8.09 v _193_/B2 (sky130_fd_sc_hd__o22a_1)
                  0.04    0.15    8.24 v _193_/X (sky130_fd_sc_hd__o22a_1)
     1    0.00                           net63 (net)
                  0.04    0.00    8.24 v repeater388/A (sky130_fd_sc_hd__dlymetal6s2s_1)
                  0.17    0.25    8.49 v repeater388/X (sky130_fd_sc_hd__dlymetal6s2s_1)
     1    0.03                           net388 (net)
                  0.17    0.01    8.50 v repeater387/A (sky130_fd_sc_hd__clkbuf_4)
                  0.08    0.25    8.75 v repeater387/X (sky130_fd_sc_hd__clkbuf_4)
     1    0.03                           net387 (net)
                  0.08    0.01    8.75 v repeater386/A (sky130_fd_sc_hd__buf_4)
                  0.04    0.17    8.92 v repeater386/X (sky130_fd_sc_hd__buf_4)
     1    0.01                           net386 (net)
                  0.04    0.00    8.92 v repeater385/A (sky130_fd_sc_hd__buf_6)
                  0.03    0.13    9.05 v repeater385/X (sky130_fd_sc_hd__buf_6)
     1    0.02                           net385 (net)
                  0.03    0.00    9.06 v repeater384/A (sky130_fd_sc_hd__buf_6)
                  0.03    0.13    9.18 v repeater384/X (sky130_fd_sc_hd__buf_6)
     1    0.02                           net384 (net)
                  0.03    0.00    9.18 v repeater383/A (sky130_fd_sc_hd__buf_6)
                  0.03    0.12    9.31 v repeater383/X (sky130_fd_sc_hd__buf_6)
     1    0.02                           net383 (net)
                  0.03    0.00    9.31 v repeater382/A (sky130_fd_sc_hd__buf_4)
                  0.04    0.15    9.46 v repeater382/X (sky130_fd_sc_hd__buf_4)
     1    0.02                           net382 (net)
                  0.04    0.00    9.47 v repeater381/A (sky130_fd_sc_hd__buf_4)
                  0.04    0.16    9.62 v repeater381/X (sky130_fd_sc_hd__buf_4)
     1    0.02                           net381 (net)
                  0.04    0.00    9.62 v repeater380/A (sky130_fd_sc_hd__buf_4)
                  0.04    0.16    9.78 v repeater380/X (sky130_fd_sc_hd__buf_4)
     1    0.02                           net380 (net)
                  0.04    0.00    9.78 v repeater379/A (sky130_fd_sc_hd__buf_4)
                  0.04    0.16    9.94 v repeater379/X (sky130_fd_sc_hd__buf_4)
     2    0.02                           net379 (net)
                  0.04    0.00    9.94 v _510_/A (sky130_fd_sc_hd__dlymetal6s2s_1)
                  0.04    0.14   10.08 v _510_/X (sky130_fd_sc_hd__dlymetal6s2s_1)
     1    0.00                           net128 (net)
                  0.04    0.00   10.08 v repeater186/A (sky130_fd_sc_hd__dlymetal6s2s_1)
                  0.10    0.20   10.28 v repeater186/X (sky130_fd_sc_hd__dlymetal6s2s_1)
     1    0.02                           net186 (net)
                  0.10    0.00   10.28 v repeater185/A (sky130_fd_sc_hd__clkbuf_4)
                  0.05    0.19   10.47 v repeater185/X (sky130_fd_sc_hd__clkbuf_4)
     1    0.02                           net185 (net)
                  0.05    0.00   10.47 v output128/A (sky130_fd_sc_hd__clkbuf_4)
                  0.08    0.20   10.67 v output128/X (sky130_fd_sc_hd__clkbuf_4)
     1    0.03                           wbs_dat_o[1] (net)
                  0.08    0.00   10.67 v wbs_dat_o[1] (out)
                                 10.67   data arrival time

                  0.15   16.00   16.00   clock wb_clk_i (rise edge)
                          0.00   16.00   clock network delay (ideal)
                         -0.25   15.75   clock uncertainty
                          0.00   15.75   clock reconvergence pessimism
                         -3.20   12.55   output external delay
                                 12.55   data required time
-----------------------------------------------------------------------------
                                 12.55   data required time
                                -10.67   data arrival time
-----------------------------------------------------------------------------
                                  1.88   slack (MET)



===========================================================================
report_checks --slack_max -0.01
============================================================================
No paths found.
