
===========================================================================
report_checks -path_delay min (Hold)
============================================================================
Startpoint: _313_ (rising edge-triggered flip-flop clocked by wb_clk_i)
Endpoint: _313_ (rising edge-triggered flip-flop clocked by wb_clk_i)
Path Group: wb_clk_i
Path Type: min

Fanout     Cap    Slew   Delay    Time   Description
-----------------------------------------------------------------------------
                  0.15    0.00    0.00   clock wb_clk_i (rise edge)
                          0.00    0.00   clock network delay (ideal)
                  0.15    0.00    0.00 ^ _313_/CLK (sky130_fd_sc_hd__dfxtp_1)
                  0.05    0.33    0.33 ^ _313_/Q (sky130_fd_sc_hd__dfxtp_1)
     1    0.00                           net116 (net)
                  0.05    0.00    0.33 ^ repeater414/A (sky130_fd_sc_hd__dlymetal6s2s_1)
                  0.14    0.15    0.48 ^ repeater414/X (sky130_fd_sc_hd__dlymetal6s2s_1)
     1    0.01                           net414 (net)
                  0.14    0.00    0.48 ^ repeater413/A (sky130_fd_sc_hd__clkbuf_4)
                  0.12    0.21    0.69 ^ repeater413/X (sky130_fd_sc_hd__clkbuf_4)
     1    0.04                           net413 (net)
                  0.13    0.01    0.70 ^ repeater412/A (sky130_fd_sc_hd__buf_4)
                  0.05    0.14    0.84 ^ repeater412/X (sky130_fd_sc_hd__buf_4)
     1    0.01                           net412 (net)
                  0.05    0.00    0.84 ^ repeater411/A (sky130_fd_sc_hd__buf_6)
                  0.04    0.09    0.93 ^ repeater411/X (sky130_fd_sc_hd__buf_6)
     1    0.02                           net411 (net)
                  0.04    0.00    0.93 ^ repeater410/A (sky130_fd_sc_hd__buf_6)
                  0.05    0.10    1.03 ^ repeater410/X (sky130_fd_sc_hd__buf_6)
     1    0.02                           net410 (net)
                  0.05    0.00    1.04 ^ repeater409/A (sky130_fd_sc_hd__buf_6)
                  0.05    0.10    1.14 ^ repeater409/X (sky130_fd_sc_hd__buf_6)
     1    0.02                           net409 (net)
                  0.05    0.00    1.14 ^ repeater408/A (sky130_fd_sc_hd__buf_4)
                  0.06    0.12    1.26 ^ repeater408/X (sky130_fd_sc_hd__buf_4)
     1    0.02                           net408 (net)
                  0.06    0.00    1.26 ^ repeater407/A (sky130_fd_sc_hd__buf_4)
                  0.06    0.12    1.38 ^ repeater407/X (sky130_fd_sc_hd__buf_4)
     1    0.02                           net407 (net)
                  0.06    0.00    1.39 ^ repeater406/A (sky130_fd_sc_hd__buf_4)
                  0.06    0.13    1.51 ^ repeater406/X (sky130_fd_sc_hd__buf_4)
     2    0.02                           net406 (net)
                  0.06    0.00    1.51 ^ _151_/A_N (sky130_fd_sc_hd__nand3b_1)
                  0.12    0.15    1.66 ^ _151_/Y (sky130_fd_sc_hd__nand3b_1)
     1    0.01                           _010_ (net)
                  0.12    0.00    1.67 ^ repeater405/A (sky130_fd_sc_hd__clkdlybuf4s15_2)
                  0.11    0.25    1.92 ^ repeater405/X (sky130_fd_sc_hd__clkdlybuf4s15_2)
     1    0.02                           net405 (net)
                  0.11    0.00    1.92 ^ repeater404/A (sky130_fd_sc_hd__clkbuf_4)
                  0.07    0.17    2.09 ^ repeater404/X (sky130_fd_sc_hd__clkbuf_4)
     1    0.02                           net404 (net)
                  0.07    0.00    2.09 ^ repeater403/A (sky130_fd_sc_hd__buf_4)
                  0.07    0.13    2.22 ^ repeater403/X (sky130_fd_sc_hd__buf_4)
     1    0.02                           net403 (net)
                  0.07    0.00    2.22 ^ repeater402/A (sky130_fd_sc_hd__buf_6)
                  0.05    0.11    2.33 ^ repeater402/X (sky130_fd_sc_hd__buf_6)
     1    0.02                           net402 (net)
                  0.05    0.00    2.33 ^ repeater401/A (sky130_fd_sc_hd__buf_6)
                  0.05    0.10    2.43 ^ repeater401/X (sky130_fd_sc_hd__buf_6)
     1    0.02                           net401 (net)
                  0.05    0.00    2.43 ^ repeater400/A (sky130_fd_sc_hd__buf_4)
                  0.04    0.10    2.54 ^ repeater400/X (sky130_fd_sc_hd__buf_4)
     1    0.01                           net400 (net)
                  0.04    0.00    2.54 ^ repeater399/A (sky130_fd_sc_hd__buf_4)
                  0.11    0.15    2.69 ^ repeater399/X (sky130_fd_sc_hd__buf_4)
     1    0.04                           net399 (net)
                  0.11    0.01    2.69 ^ repeater398/A (sky130_fd_sc_hd__buf_4)
                  0.04    0.13    2.82 ^ repeater398/X (sky130_fd_sc_hd__buf_4)
     1    0.01                           net398 (net)
                  0.04    0.00    2.82 ^ repeater397/A (sky130_fd_sc_hd__buf_4)
                  0.06    0.12    2.94 ^ repeater397/X (sky130_fd_sc_hd__buf_4)
     2    0.02                           net397 (net)
                  0.06    0.00    2.94 ^ repeater396/A (sky130_fd_sc_hd__dlymetal6s2s_1)
                  0.15    0.16    3.10 ^ repeater396/X (sky130_fd_sc_hd__dlymetal6s2s_1)
     4    0.01                           net396 (net)
                  0.15    0.00    3.10 ^ _152_/A (sky130_fd_sc_hd__clkdlybuf4s18_2)
                  0.14    0.29    3.39 ^ _152_/X (sky130_fd_sc_hd__clkdlybuf4s18_2)
     5    0.03                           _011_ (net)
                  0.14    0.00    3.39 ^ _312_/A (sky130_fd_sc_hd__nor2_1)
                  0.02    0.06    3.45 v _312_/Y (sky130_fd_sc_hd__nor2_1)
     1    0.00                           _008_ (net)
                  0.02    0.00    3.45 v repeater225/A (sky130_fd_sc_hd__dlymetal6s2s_1)
                  0.10    0.17    3.62 v repeater225/X (sky130_fd_sc_hd__dlymetal6s2s_1)
     1    0.02                           net225 (net)
                  0.10    0.00    3.63 v _313_/D (sky130_fd_sc_hd__dfxtp_1)
                                  3.63   data arrival time

                  0.15    0.00    0.00   clock wb_clk_i (rise edge)
                          0.00    0.00   clock network delay (ideal)
                          0.25    0.25   clock uncertainty
                          0.00    0.25   clock reconvergence pessimism
                                  0.25 ^ _313_/CLK (sky130_fd_sc_hd__dfxtp_1)
                         -0.05    0.20   library hold time
                                  0.20   data required time
-----------------------------------------------------------------------------
                                  0.20   data required time
                                 -3.63   data arrival time
-----------------------------------------------------------------------------
                                  3.43   slack (MET)


Startpoint: _313_ (rising edge-triggered flip-flop clocked by wb_clk_i)
Endpoint: wbs_ack_o (output port clocked by wb_clk_i)
Path Group: wb_clk_i
Path Type: min

Fanout     Cap    Slew   Delay    Time   Description
-----------------------------------------------------------------------------
                  0.15    0.00    0.00   clock wb_clk_i (rise edge)
                          0.00    0.00   clock network delay (ideal)
                  0.15    0.00    0.00 ^ _313_/CLK (sky130_fd_sc_hd__dfxtp_1)
                  0.05    0.33    0.33 ^ _313_/Q (sky130_fd_sc_hd__dfxtp_1)
     1    0.00                           net116 (net)
                  0.05    0.00    0.33 ^ repeater414/A (sky130_fd_sc_hd__dlymetal6s2s_1)
                  0.14    0.15    0.48 ^ repeater414/X (sky130_fd_sc_hd__dlymetal6s2s_1)
     1    0.01                           net414 (net)
                  0.14    0.00    0.48 ^ repeater413/A (sky130_fd_sc_hd__clkbuf_4)
                  0.12    0.21    0.69 ^ repeater413/X (sky130_fd_sc_hd__clkbuf_4)
     1    0.04                           net413 (net)
                  0.13    0.01    0.70 ^ repeater412/A (sky130_fd_sc_hd__buf_4)
                  0.05    0.14    0.84 ^ repeater412/X (sky130_fd_sc_hd__buf_4)
     1    0.01                           net412 (net)
                  0.05    0.00    0.84 ^ repeater411/A (sky130_fd_sc_hd__buf_6)
                  0.04    0.09    0.93 ^ repeater411/X (sky130_fd_sc_hd__buf_6)
     1    0.02                           net411 (net)
                  0.04    0.00    0.93 ^ repeater410/A (sky130_fd_sc_hd__buf_6)
                  0.05    0.10    1.03 ^ repeater410/X (sky130_fd_sc_hd__buf_6)
     1    0.02                           net410 (net)
                  0.05    0.00    1.04 ^ repeater409/A (sky130_fd_sc_hd__buf_6)
                  0.05    0.10    1.14 ^ repeater409/X (sky130_fd_sc_hd__buf_6)
     1    0.02                           net409 (net)
                  0.05    0.00    1.14 ^ repeater408/A (sky130_fd_sc_hd__buf_4)
                  0.06    0.12    1.26 ^ repeater408/X (sky130_fd_sc_hd__buf_4)
     1    0.02                           net408 (net)
                  0.06    0.00    1.26 ^ repeater407/A (sky130_fd_sc_hd__buf_4)
                  0.06    0.12    1.38 ^ repeater407/X (sky130_fd_sc_hd__buf_4)
     1    0.02                           net407 (net)
                  0.06    0.00    1.39 ^ repeater406/A (sky130_fd_sc_hd__buf_4)
                  0.06    0.13    1.51 ^ repeater406/X (sky130_fd_sc_hd__buf_4)
     2    0.02                           net406 (net)
                  0.06    0.00    1.51 ^ output116/A (sky130_fd_sc_hd__clkbuf_4)
                  0.11    0.18    1.70 ^ output116/X (sky130_fd_sc_hd__clkbuf_4)
     1    0.03                           wbs_ack_o (net)
                  0.11    0.00    1.70 ^ wbs_ack_o (out)
                                  1.70   data arrival time

                  0.15    0.00    0.00   clock wb_clk_i (rise edge)
                          0.00    0.00   clock network delay (ideal)
                          0.25    0.25   clock uncertainty
                          0.00    0.25   clock reconvergence pessimism
                         -4.00   -3.75   output external delay
                                 -3.75   data required time
-----------------------------------------------------------------------------
                                 -3.75   data required time
                                 -1.70   data arrival time
-----------------------------------------------------------------------------
                                  5.45   slack (MET)


Startpoint: wbs_dat_i[10] (input port clocked by wb_clk_i)
Endpoint: la_data_out[42] (output port clocked by wb_clk_i)
Path Group: wb_clk_i
Path Type: min

Fanout     Cap    Slew   Delay    Time   Description
-----------------------------------------------------------------------------
                  0.15    0.00    0.00   clock wb_clk_i (rise edge)
                          0.00    0.00   clock network delay (ideal)
                          4.00    4.00 ^ input external delay
                  0.02    0.01    4.01 ^ wbs_dat_i[10] (in)
     1    0.00                           wbs_dat_i[10] (net)
                  0.02    0.00    4.01 ^ input19/A (sky130_fd_sc_hd__buf_4)
                  0.06    0.11    4.13 ^ input19/X (sky130_fd_sc_hd__buf_4)
     2    0.02                           net19 (net)
                  0.06    0.00    4.13 ^ repeater1178/A (sky130_fd_sc_hd__clkbuf_4)
                  0.07    0.15    4.28 ^ repeater1178/X (sky130_fd_sc_hd__clkbuf_4)
     1    0.02                           net1178 (net)
                  0.07    0.00    4.28 ^ repeater1177/A (sky130_fd_sc_hd__buf_4)
                  0.07    0.13    4.41 ^ repeater1177/X (sky130_fd_sc_hd__buf_4)
     1    0.02                           net1177 (net)
                  0.07    0.00    4.42 ^ repeater1176/A (sky130_fd_sc_hd__buf_6)
                  0.05    0.11    4.53 ^ repeater1176/X (sky130_fd_sc_hd__buf_6)
     1    0.02                           net1176 (net)
                  0.05    0.00    4.53 ^ repeater1175/A (sky130_fd_sc_hd__buf_6)
                  0.05    0.10    4.63 ^ repeater1175/X (sky130_fd_sc_hd__buf_6)
     1    0.02                           net1175 (net)
                  0.05    0.00    4.63 ^ repeater1174/A (sky130_fd_sc_hd__buf_6)
                  0.05    0.10    4.73 ^ repeater1174/X (sky130_fd_sc_hd__buf_6)
     1    0.02                           net1174 (net)
                  0.05    0.00    4.74 ^ repeater1173/A (sky130_fd_sc_hd__buf_4)
                  0.07    0.12    4.86 ^ repeater1173/X (sky130_fd_sc_hd__buf_4)
     2    0.02                           net1173 (net)
                  0.07    0.00    4.86 ^ _487_/A (sky130_fd_sc_hd__dlymetal6s2s_1)
                  0.06    0.10    4.96 ^ _487_/X (sky130_fd_sc_hd__dlymetal6s2s_1)
     1    0.00                           net88 (net)
                  0.06    0.00    4.96 ^ output88/A (sky130_fd_sc_hd__clkbuf_4)
                  0.11    0.18    5.14 ^ output88/X (sky130_fd_sc_hd__clkbuf_4)
     1    0.03                           la_data_out[42] (net)
                  0.11    0.00    5.14 ^ la_data_out[42] (out)
                                  5.14   data arrival time

                  0.15    0.00    0.00   clock wb_clk_i (rise edge)
                          0.00    0.00   clock network delay (ideal)
                          0.25    0.25   clock uncertainty
                          0.00    0.25   clock reconvergence pessimism
                         -4.00   -3.75   output external delay
                                 -3.75   data required time
-----------------------------------------------------------------------------
                                 -3.75   data required time
                                 -5.14   data arrival time
-----------------------------------------------------------------------------
                                  8.89   slack (MET)


Startpoint: wbs_dat_i[26] (input port clocked by wb_clk_i)
Endpoint: la_data_out[58] (output port clocked by wb_clk_i)
Path Group: wb_clk_i
Path Type: min

Fanout     Cap    Slew   Delay    Time   Description
-----------------------------------------------------------------------------
                  0.15    0.00    0.00   clock wb_clk_i (rise edge)
                          0.00    0.00   clock network delay (ideal)
                          4.00    4.00 ^ input external delay
                  0.02    0.01    4.01 ^ wbs_dat_i[26] (in)
     1    0.00                           wbs_dat_i[26] (net)
                  0.02    0.00    4.01 ^ input36/A (sky130_fd_sc_hd__buf_4)
                  0.07    0.12    4.13 ^ input36/X (sky130_fd_sc_hd__buf_4)
     2    0.02                           net36 (net)
                  0.07    0.00    4.14 ^ repeater815/A (sky130_fd_sc_hd__clkbuf_4)
                  0.07    0.15    4.29 ^ repeater815/X (sky130_fd_sc_hd__clkbuf_4)
     1    0.02                           net815 (net)
                  0.07    0.00    4.29 ^ repeater814/A (sky130_fd_sc_hd__buf_4)
                  0.07    0.13    4.42 ^ repeater814/X (sky130_fd_sc_hd__buf_4)
     1    0.02                           net814 (net)
                  0.07    0.00    4.43 ^ repeater813/A (sky130_fd_sc_hd__buf_6)
                  0.05    0.11    4.54 ^ repeater813/X (sky130_fd_sc_hd__buf_6)
     1    0.02                           net813 (net)
                  0.05    0.00    4.54 ^ repeater812/A (sky130_fd_sc_hd__buf_6)
                  0.05    0.10    4.64 ^ repeater812/X (sky130_fd_sc_hd__buf_6)
     1    0.02                           net812 (net)
                  0.05    0.00    4.64 ^ repeater811/A (sky130_fd_sc_hd__buf_6)
                  0.05    0.10    4.74 ^ repeater811/X (sky130_fd_sc_hd__buf_6)
     1    0.02                           net811 (net)
                  0.05    0.00    4.75 ^ repeater810/A (sky130_fd_sc_hd__buf_4)
                  0.07    0.12    4.87 ^ repeater810/X (sky130_fd_sc_hd__buf_4)
     2    0.02                           net810 (net)
                  0.07    0.00    4.87 ^ _503_/A (sky130_fd_sc_hd__dlymetal6s2s_1)
                  0.06    0.10    4.97 ^ _503_/X (sky130_fd_sc_hd__dlymetal6s2s_1)
     1    0.00                           net105 (net)
                  0.06    0.00    4.97 ^ output105/A (sky130_fd_sc_hd__clkbuf_4)
                  0.11    0.18    5.15 ^ output105/X (sky130_fd_sc_hd__clkbuf_4)
     1    0.03                           la_data_out[58] (net)
                  0.11    0.00    5.15 ^ la_data_out[58] (out)
                                  5.15   data arrival time

                  0.15    0.00    0.00   clock wb_clk_i (rise edge)
                          0.00    0.00   clock network delay (ideal)
                          0.25    0.25   clock uncertainty
                          0.00    0.25   clock reconvergence pessimism
                         -4.00   -3.75   output external delay
                                 -3.75   data required time
-----------------------------------------------------------------------------
                                 -3.75   data required time
                                 -5.15   data arrival time
-----------------------------------------------------------------------------
                                  8.90   slack (MET)


Startpoint: wbs_dat_i[11] (input port clocked by wb_clk_i)
Endpoint: la_data_out[43] (output port clocked by wb_clk_i)
Path Group: wb_clk_i
Path Type: min

Fanout     Cap    Slew   Delay    Time   Description
-----------------------------------------------------------------------------
                  0.15    0.00    0.00   clock wb_clk_i (rise edge)
                          0.00    0.00   clock network delay (ideal)
                          4.00    4.00 ^ input external delay
                  0.02    0.01    4.01 ^ wbs_dat_i[11] (in)
     1    0.00                           wbs_dat_i[11] (net)
                  0.02    0.00    4.01 ^ input20/A (sky130_fd_sc_hd__buf_4)
                  0.06    0.11    4.13 ^ input20/X (sky130_fd_sc_hd__buf_4)
     2    0.02                           net20 (net)
                  0.06    0.00    4.13 ^ repeater1154/A (sky130_fd_sc_hd__clkdlybuf4s15_2)
                  0.11    0.23    4.36 ^ repeater1154/X (sky130_fd_sc_hd__clkdlybuf4s15_2)
     1    0.02                           net1154 (net)
                  0.11    0.00    4.36 ^ repeater1153/A (sky130_fd_sc_hd__buf_4)
                  0.07    0.15    4.51 ^ repeater1153/X (sky130_fd_sc_hd__buf_4)
     1    0.02                           net1153 (net)
                  0.07    0.00    4.51 ^ repeater1152/A (sky130_fd_sc_hd__buf_6)
                  0.05    0.11    4.62 ^ repeater1152/X (sky130_fd_sc_hd__buf_6)
     1    0.02                           net1152 (net)
                  0.05    0.00    4.62 ^ repeater1151/A (sky130_fd_sc_hd__buf_6)
                  0.05    0.10    4.73 ^ repeater1151/X (sky130_fd_sc_hd__buf_6)
     1    0.02                           net1151 (net)
                  0.05    0.00    4.73 ^ repeater1150/A (sky130_fd_sc_hd__buf_6)
                  0.05    0.10    4.83 ^ repeater1150/X (sky130_fd_sc_hd__buf_6)
     1    0.02                           net1150 (net)
                  0.05    0.00    4.83 ^ repeater1149/A (sky130_fd_sc_hd__buf_4)
                  0.07    0.12    4.95 ^ repeater1149/X (sky130_fd_sc_hd__buf_4)
     2    0.02                           net1149 (net)
                  0.07    0.00    4.96 ^ _488_/A (sky130_fd_sc_hd__dlymetal6s2s_1)
                  0.05    0.10    5.05 ^ _488_/X (sky130_fd_sc_hd__dlymetal6s2s_1)
     1    0.00                           net89 (net)
                  0.05    0.00    5.05 ^ output89/A (sky130_fd_sc_hd__clkbuf_4)
                  0.11    0.18    5.23 ^ output89/X (sky130_fd_sc_hd__clkbuf_4)
     1    0.03                           la_data_out[43] (net)
                  0.11    0.00    5.23 ^ la_data_out[43] (out)
                                  5.23   data arrival time

                  0.15    0.00    0.00   clock wb_clk_i (rise edge)
                          0.00    0.00   clock network delay (ideal)
                          0.25    0.25   clock uncertainty
                          0.00    0.25   clock reconvergence pessimism
                         -4.00   -3.75   output external delay
                                 -3.75   data required time
-----------------------------------------------------------------------------
                                 -3.75   data required time
                                 -5.23   data arrival time
-----------------------------------------------------------------------------
                                  8.98   slack (MET)


